Component: ARM Compiler 6.10.1 Tool: armlink [5d142800]

==============================================================================

Section Cross References

    startup_stm32f103xb.o(STACK) refers (Special) to heapauxi.o(.text) for __use_two_region_memory
    startup_stm32f103xb.o(HEAP) refers (Special) to heapauxi.o(.text) for __use_two_region_memory
    startup_stm32f103xb.o(RESET) refers (Special) to heapauxi.o(.text) for __use_two_region_memory
    startup_stm32f103xb.o(RESET) refers to startup_stm32f103xb.o(STACK) for __initial_sp
    startup_stm32f103xb.o(RESET) refers to startup_stm32f103xb.o(.text) for Reset_Handler
    startup_stm32f103xb.o(RESET) refers to stm32f1xx_it.o(.text.NMI_Handler) for NMI_Handler
    startup_stm32f103xb.o(RESET) refers to stm32f1xx_it.o(.text.HardFault_Handler) for HardFault_Handler
    startup_stm32f103xb.o(RESET) refers to stm32f1xx_it.o(.text.MemManage_Handler) for MemManage_Handler
    startup_stm32f103xb.o(RESET) refers to stm32f1xx_it.o(.text.BusFault_Handler) for BusFault_Handler
    startup_stm32f103xb.o(RESET) refers to stm32f1xx_it.o(.text.UsageFault_Handler) for UsageFault_Handler
    startup_stm32f103xb.o(RESET) refers to stm32f1xx_it.o(.text.SVC_Handler) for SVC_Handler
    startup_stm32f103xb.o(RESET) refers to stm32f1xx_it.o(.text.DebugMon_Handler) for DebugMon_Handler
    startup_stm32f103xb.o(RESET) refers to stm32f1xx_it.o(.text.PendSV_Handler) for PendSV_Handler
    startup_stm32f103xb.o(RESET) refers to stm32f1xx_it.o(.text.SysTick_Handler) for SysTick_Handler
    startup_stm32f103xb.o(RESET) refers to main.o(.text.EXTI0_IRQHandler) for EXTI0_IRQHandler
    startup_stm32f103xb.o(.text) refers (Special) to heapauxi.o(.text) for __use_two_region_memory
    startup_stm32f103xb.o(.text) refers to system_stm32f1xx.o(.text.SystemInit) for SystemInit
    startup_stm32f103xb.o(.text) refers to __main.o(!!!main) for __main
    startup_stm32f103xb.o(.text) refers to startup_stm32f103xb.o(HEAP) for Heap_Mem
    startup_stm32f103xb.o(.text) refers to startup_stm32f103xb.o(STACK) for Stack_Mem
    fonts.o(.text.FONTS_GetStringSize) refers to strlen.o(.text) for strlen
    fonts.o(.ARM.exidx.text.FONTS_GetStringSize) refers to fonts.o(.text.FONTS_GetStringSize) for [Anonymous Symbol]
    fonts.o(.data.Font_7x10) refers to fonts.o(.rodata.Font7x10) for Font7x10
    fonts.o(.data.Font_11x18) refers to fonts.o(.rodata.Font11x18) for Font11x18
    fonts.o(.data.Font_16x26) refers to fonts.o(.rodata.Font16x26) for Font16x26
    ssd1306.o(.text.SSD1306_ScrollRight) refers to ssd1306.o(.text.ssd1306_I2C_Write) for ssd1306_I2C_Write
    ssd1306.o(.ARM.exidx.text.SSD1306_ScrollRight) refers to ssd1306.o(.text.SSD1306_ScrollRight) for [Anonymous Symbol]
    ssd1306.o(.text.ssd1306_I2C_Write) refers to stm32f1xx_hal_i2c.o(.text.HAL_I2C_Master_Transmit) for HAL_I2C_Master_Transmit
    ssd1306.o(.text.ssd1306_I2C_Write) refers to main.o(.bss..L_MergedGlobals.11) for hi2c1
    ssd1306.o(.ARM.exidx.text.ssd1306_I2C_Write) refers to ssd1306.o(.text.ssd1306_I2C_Write) for [Anonymous Symbol]
    ssd1306.o(.text.SSD1306_ScrollLeft) refers to ssd1306.o(.text.ssd1306_I2C_Write) for ssd1306_I2C_Write
    ssd1306.o(.ARM.exidx.text.SSD1306_ScrollLeft) refers to ssd1306.o(.text.SSD1306_ScrollLeft) for [Anonymous Symbol]
    ssd1306.o(.text.SSD1306_Scrolldiagright) refers to ssd1306.o(.text.ssd1306_I2C_Write) for ssd1306_I2C_Write
    ssd1306.o(.ARM.exidx.text.SSD1306_Scrolldiagright) refers to ssd1306.o(.text.SSD1306_Scrolldiagright) for [Anonymous Symbol]
    ssd1306.o(.text.SSD1306_Scrolldiagleft) refers to ssd1306.o(.text.ssd1306_I2C_Write) for ssd1306_I2C_Write
    ssd1306.o(.ARM.exidx.text.SSD1306_Scrolldiagleft) refers to ssd1306.o(.text.SSD1306_Scrolldiagleft) for [Anonymous Symbol]
    ssd1306.o(.text.SSD1306_Stopscroll) refers to ssd1306.o(.text.ssd1306_I2C_Write) for ssd1306_I2C_Write
    ssd1306.o(.ARM.exidx.text.SSD1306_Stopscroll) refers to ssd1306.o(.text.SSD1306_Stopscroll) for [Anonymous Symbol]
    ssd1306.o(.text.SSD1306_InvertDisplay) refers to ssd1306.o(.text.ssd1306_I2C_Write) for ssd1306_I2C_Write
    ssd1306.o(.ARM.exidx.text.SSD1306_InvertDisplay) refers to ssd1306.o(.text.SSD1306_InvertDisplay) for [Anonymous Symbol]
    ssd1306.o(.text.SSD1306_DrawBitmap) refers to ssd1306.o(.text.SSD1306_DrawPixel) for SSD1306_DrawPixel
    ssd1306.o(.ARM.exidx.text.SSD1306_DrawBitmap) refers to ssd1306.o(.text.SSD1306_DrawBitmap) for [Anonymous Symbol]
    ssd1306.o(.text.SSD1306_DrawPixel) refers to ssd1306.o(.bss.SSD1306.2) for [Anonymous Symbol]
    ssd1306.o(.text.SSD1306_DrawPixel) refers to ssd1306.o(.bss.SSD1306_Buffer) for [Anonymous Symbol]
    ssd1306.o(.ARM.exidx.text.SSD1306_DrawPixel) refers to ssd1306.o(.text.SSD1306_DrawPixel) for [Anonymous Symbol]
    ssd1306.o(.text.SSD1306_Init) refers to stm32f1xx_hal_i2c.o(.text.HAL_I2C_IsDeviceReady) for HAL_I2C_IsDeviceReady
[...]
    .ARM.Collect$$libshutdown$$00000007      0x08000186   Section        0  libshutdown2.o(.ARM.Collect$$libshutdown$$00000007)
    .ARM.Collect$$libshutdown$$0000000A      0x08000186   Section        0  libshutdown2.o(.ARM.Collect$$libshutdown$$0000000A)
    .ARM.Collect$$libshutdown$$0000000C      0x08000186   Section        0  libshutdown2.o(.ARM.Collect$$libshutdown$$0000000C)
    .ARM.Collect$$libshutdown$$0000000F      0x08000186   Section        0  libshutdown2.o(.ARM.Collect$$libshutdown$$0000000F)
    .ARM.Collect$$libshutdown$$00000010      0x08000186   Section        2  libshutdown2.o(.ARM.Collect$$libshutdown$$00000010)
    .ARM.Collect$$rtentry$$00000000          0x08000188   Section        0  __rtentry.o(.ARM.Collect$$rtentry$$00000000)
    .ARM.Collect$$rtentry$$00000002          0x08000188   Section        0  __rtentry2.o(.ARM.Collect$$rtentry$$00000002)
    .ARM.Collect$$rtentry$$00000004          0x08000188   Section        6  __rtentry4.o(.ARM.Collect$$rtentry$$00000004)
    .ARM.Collect$$rtentry$$00000009          0x0800018e   Section        0  __rtentry2.o(.ARM.Collect$$rtentry$$00000009)
    .ARM.Collect$$rtentry$$0000000A          0x0800018e   Section        4  __rtentry2.o(.ARM.Collect$$rtentry$$0000000A)
    .ARM.Collect$$rtentry$$0000000C          0x08000192   Section        0  __rtentry2.o(.ARM.Collect$$rtentry$$0000000C)
    .ARM.Collect$$rtentry$$0000000D          0x08000192   Section        8  __rtentry2.o(.ARM.Collect$$rtentry$$0000000D)
    .ARM.Collect$$rtexit$$00000000           0x0800019a   Section        2  rtexit.o(.ARM.Collect$$rtexit$$00000000)
    .ARM.Collect$$rtexit$$00000002           0x0800019c   Section        0  rtexit2.o(.ARM.Collect$$rtexit$$00000002)
    .ARM.Collect$$rtexit$$00000003           0x0800019c   Section        4  rtexit2.o(.ARM.Collect$$rtexit$$00000003)
    .ARM.Collect$$rtexit$$00000004           0x080001a0   Section        6  rtexit2.o(.ARM.Collect$$rtexit$$00000004)
    .text                                    0x080001a8   Section       64  startup_stm32f103xb.o(.text)
    .text                                    0x080001e8   Section        0  noretval__2sprintf.o(.text)
    .text                                    0x08000210   Section        0  _printf_dec.o(.text)
    .text                                    0x08000288   Section        0  __printf_wp.o(.text)
    .text                                    0x08000396   Section       78  rt_memclr_w.o(.text)
    .text                                    0x080003e4   Section        0  heapauxi.o(.text)
    .text                                    0x080003ea   Section        0  _rserrno.o(.text)
    .text                                    0x08000400   Section        0  _printf_intcommon.o(.text)
    .text                                    0x080004b2   Section        0  _printf_fp_dec.o(.text)
    _fp_digits                               0x080004b3   Thumb Code   432  _printf_fp_dec.o(.text)
    .text                                    0x080008d0   Section        0  _printf_char_common.o(.text)
    _printf_input_char                       0x080008d1   Thumb Code    10  _printf_char_common.o(.text)
    .text                                    0x08000900   Section        0  _sputc.o(.text)
    .text                                    0x0800090c   Section        8  rt_locale_intlibspace.o(.text)
    .text                                    0x08000914   Section        8  rt_errno_addr_intlibspace.o(.text)
    .text                                    0x0800091c   Section      138  lludiv10.o(.text)
    .text                                    0x080009a8   Section        0  _printf_fp_infnan.o(.text)
    .text                                    0x08000a28   Section        0  bigflt0.o(.text)
    .text                                    0x08000b0c   Section        8  libspace.o(.text)
    .text                                    0x08000b14   Section       74  sys_stackheap_outer.o(.text)
    .text                                    0x08000b5e   Section        0  exit.o(.text)
    .text                                    0x08000b70   Section      128  strcmpv7m.o(.text)
    .text                                    0x08000bf0   Section        0  sys_exit.o(.text)
    .text                                    0x08000bfc   Section        2  use_no_semi.o(.text)
    [Anonymous Symbol]                       0x08000bfe   Section        0  stm32f1xx_it.o(.text.BusFault_Handler)
    .text                                    0x08000bfe   Section        0  indicate_semi.o(.text)
    [Anonymous Symbol]                       0x08000c00   Section        0  main.o(.text.Button_Handler)
    __arm_cp.3_0                             0x08000c38   Number         4  main.o(.text.Button_Handler)
    __arm_cp.3_2                             0x08000c44   Number         4  main.o(.text.Button_Handler)
    [Anonymous Symbol]                       0x08000c50   Section        0  stm32f1xx_it.o(.text.DebugMon_Handler)
    [Anonymous Symbol]                       0x08000c52   Section        0  main.o(.text.EXTI0_IRQHandler)
    [Anonymous Symbol]                       0x08000c58   Section        0  stm32f1xx_hal.o(.text.HAL_Delay)
    [Anonymous Symbol]                       0x08000c78   Section        0  main.o(.text.HAL_GPIO_EXTI_Callback)
    [Anonymous Symbol]                       0x08000c84   Section        0  stm32f1xx_hal_gpio.o(.text.HAL_GPIO_EXTI_IRQHandler)
    __arm_cp.6_0                             0x08000c94   Number         4  stm32f1xx_hal_gpio.o(.text.HAL_GPIO_EXTI_IRQHandler)
    [Anonymous Symbol]                       0x08000c98   Section        0  stm32f1xx_hal_gpio.o(.text.HAL_GPIO_Init)
    __arm_cp.0_0                             0x08000e08   Number         4  stm32f1xx_hal_gpio.o(.text.HAL_GPIO_Init)
    __arm_cp.0_1                             0x08000e0c   Number         4  stm32f1xx_hal_gpio.o(.text.HAL_GPIO_Init)
    __arm_cp.0_2                             0x08000e10   Number         4  stm32f1xx_hal_gpio.o(.text.HAL_GPIO_Init)
    __arm_cp.0_3                             0x08000e14   Number         4  stm32f1xx_hal_gpio.o(.text.HAL_GPIO_Init)
    __arm_cp.0_4                             0x08000e18   Number         4  stm32f1xx_hal_gpio.o(.text.HAL_GPIO_Init)
    __arm_cp.0_5                             0x08000e1c   Number         4  stm32f1xx_hal_gpio.o(.text.HAL_GPIO_Init)
    __arm_cp.0_6                             0x08000e20   Number         4  stm32f1xx_hal_gpio.o(.text.HAL_GPIO_Init)
    __arm_cp.0_7                             0x08000e24   Number         4  stm32f1xx_hal_gpio.o(.text.HAL_GPIO_Init)
    __arm_cp.0_8                             0x08000e28   Number         4  stm32f1xx_hal_gpio.o(.text.HAL_GPIO_Init)
    __arm_cp.0_9                             0x08000e2c   Number         4  stm32f1xx_hal_gpio.o(.text.HAL_GPIO_Init)
    __arm_cp.0_10                            0x08000e30   Number         4  stm32f1xx_hal_gpio.o(.text.HAL_GPIO_Init)
    __arm_cp.0_11                            0x08000e34   Number         4  stm32f1xx_hal_gpio.o(.text.HAL_GPIO_Init)
    __arm_cp.0_12                            0x08000e38   Number         4  stm32f1xx_hal_gpio.o(.text.HAL_GPIO_Init)
    [Anonymous Symbol]                       0x08000e3c   Section        0  stm32f1xx_hal_gpio.o(.text.HAL_GPIO_ReadPin)
    [Anonymous Symbol]                       0x08000e46   Section        0  stm32f1xx_hal_gpio.o(.text.HAL_GPIO_TogglePin)
    [Anonymous Symbol]                       0x08000e56   Section        0  stm32f1xx_hal_gpio.o(.text.HAL_GPIO_WritePin)
    [Anonymous Symbol]                       0x08000e60   Section        0  stm32f1xx_hal.o(.text.HAL_GetTick)
    __arm_cp.6_0                             0x08000e68   Number         4  stm32f1xx_hal.o(.text.HAL_GetTick)
    [Anonymous Symbol]                       0x08000e6c   Section        0  stm32f1xx_hal_i2c.o(.text.HAL_I2C_Init)
    __arm_cp.0_0                             0x08000fdc   Number         4  stm32f1xx_hal_i2c.o(.text.HAL_I2C_Init)
    __arm_cp.0_1                             0x08000fe0   Number         4  stm32f1xx_hal_i2c.o(.text.HAL_I2C_Init)
    __arm_cp.0_2                             0x08000fe4   Number         4  stm32f1xx_hal_i2c.o(.text.HAL_I2C_Init)
    __arm_cp.0_3                             0x08000fe8   Number         4  stm32f1xx_hal_i2c.o(.text.HAL_I2C_Init)
    __arm_cp.0_4                             0x08000fec   Number         4  stm32f1xx_hal_i2c.o(.text.HAL_I2C_Init)
    [Anonymous Symbol]                       0x08000ff0   Section        0  stm32f1xx_hal_i2c.o(.text.HAL_I2C_IsDeviceReady)
    __arm_cp.30_0                            0x08001150   Number         4  stm32f1xx_hal_i2c.o(.text.HAL_I2C_IsDeviceReady)
    __arm_cp.30_1                            0x08001154   Number         4  stm32f1xx_hal_i2c.o(.text.HAL_I2C_IsDeviceReady)
    __arm_cp.30_2                            0x08001158   Number         4  stm32f1xx_hal_i2c.o(.text.HAL_I2C_IsDeviceReady)
    [Anonymous Symbol]                       0x0800115c   Section        0  stm32f1xx_hal_i2c.o(.text.HAL_I2C_Master_Transmit)
    __arm_cp.4_0                             0x08001304   Number         4  stm32f1xx_hal_i2c.o(.text.HAL_I2C_Master_Transmit)
    [Anonymous Symbol]                       0x08001308   Section        0  stm32f1xx_hal_i2c.o(.text.HAL_I2C_Mem_Read)
    __arm_cp.24_2                            0x080015a0   Number         4  stm32f1xx_hal_i2c.o(.text.HAL_I2C_Mem_Read)
    [Anonymous Symbol]                       0x080015a4   Section        0  stm32f1xx_hal_i2c.o(.text.HAL_I2C_Mem_Write)
    __arm_cp.22_0                            0x080016c8   Number         4  stm32f1xx_hal_i2c.o(.text.HAL_I2C_Mem_Write)
    __arm_cp.22_1                            0x080016cc   Number         4  stm32f1xx_hal_i2c.o(.text.HAL_I2C_Mem_Write)
    [Anonymous Symbol]                       0x080016d0   Section        0  stm32f1xx_hal_msp.o(.text.HAL_I2C_MspInit)
    __arm_cp.1_0                             0x08001728   Number         4  stm32f1xx_hal_msp.o(.text.HAL_I2C_MspInit)
    [Anonymous Symbol]                       0x0800172c   Section        0  stm32f1xx_hal.o(.text.HAL_IncTick)
    [Anonymous Symbol]                       0x08001738   Section        0  stm32f1xx_hal.o(.text.HAL_Init)
    __arm_cp.0_0                             0x08001758   Number         4  stm32f1xx_hal.o(.text.HAL_Init)
    [Anonymous Symbol]                       0x0800175c   Section        0  stm32f1xx_hal.o(.text.HAL_InitTick)
    __arm_cp.1_0                             0x08001794   Number         4  stm32f1xx_hal.o(.text.HAL_InitTick)
    [Anonymous Symbol]                       0x08001798   Section        0  stm32f1xx_hal_msp.o(.text.HAL_MspInit)
    __arm_cp.0_0                             0x080017d0   Number         4  stm32f1xx_hal_msp.o(.text.HAL_MspInit)
    __arm_cp.0_1                             0x080017d4   Number         4  stm32f1xx_hal_msp.o(.text.HAL_MspInit)
    [Anonymous Symbol]                       0x080017d8   Section        0  stm32f1xx_hal_cortex.o(.text.HAL_NVIC_EnableIRQ)
    __arm_cp.3_0                             0x080017f0   Number         4  stm32f1xx_hal_cortex.o(.text.HAL_NVIC_EnableIRQ)
    [Anonymous Symbol]                       0x080017f4   Section        0  stm32f1xx_hal_cortex.o(.text.HAL_NVIC_SetPriority)
    [Anonymous Symbol]                       0x08001838   Section        0  stm32f1xx_hal_cortex.o(.text.HAL_NVIC_SetPriorityGrouping)
    __arm_cp.0_0                             0x08001850   Number         4  stm32f1xx_hal_cortex.o(.text.HAL_NVIC_SetPriorityGrouping)
    __arm_cp.0_1                             0x08001854   Number         4  stm32f1xx_hal_cortex.o(.text.HAL_NVIC_SetPriorityGrouping)
    [Anonymous Symbol]                       0x08001858   Section        0  stm32f1xx_hal_rcc.o(.text.HAL_RCC_ClockConfig)
    __arm_cp.2_0                             0x08001980   Number         4  stm32f1xx_hal_rcc.o(.text.HAL_RCC_ClockConfig)
    __arm_cp.2_1                             0x08001984   Number         4  stm32f1xx_hal_rcc.o(.text.HAL_RCC_ClockConfig)
    __arm_cp.2_3                             0x08001988   Number         4  stm32f1xx_hal_rcc.o(.text.HAL_RCC_ClockConfig)
    [Anonymous Symbol]                       0x0800198c   Section        0  stm32f1xx_hal_rcc.o(.text.HAL_RCC_GetPCLK1Freq)
    [Anonymous Symbol]                       0x080019a0   Section        0  stm32f1xx_hal_rcc.o(.text.HAL_RCC_GetPCLK2Freq)
    __arm_cp.9_0                             0x080019b4   Number         4  stm32f1xx_hal_rcc.o(.text.HAL_RCC_GetPCLK2Freq)
    __arm_cp.9_2                             0x080019b8   Number         4  stm32f1xx_hal_rcc.o(.text.HAL_RCC_GetPCLK2Freq)
    [Anonymous Symbol]                       0x080019bc   Section        0  stm32f1xx_hal_rcc.o(.text.HAL_RCC_GetSysClockFreq)
    __arm_cp.3_0                             0x080019f4   Number         4  stm32f1xx_hal_rcc.o(.text.HAL_RCC_GetSysClockFreq)
    __arm_cp.3_1                             0x080019f8   Number         4  stm32f1xx_hal_rcc.o(.text.HAL_RCC_GetSysClockFreq)
    HAL_RCC_GetSysClockFreq.aPLLMULFactorTable 0x080019fc   Number         0  stm32f1xx_hal_rcc.o(.text.HAL_RCC_GetSysClockFreq)
    HAL_RCC_GetSysClockFreq.aPredivFactorTable 0x08001a0c   Number         0  stm32f1xx_hal_rcc.o(.text.HAL_RCC_GetSysClockFreq)
    __arm_cp.3_4                             0x08001a10   Number         4  stm32f1xx_hal_rcc.o(.text.HAL_RCC_GetSysClockFreq)
    [Anonymous Symbol]                       0x08001a14   Section        0  stm32f1xx_hal_rcc.o(.text.HAL_RCC_OscConfig)
    __arm_cp.1_0                             0x08001d74   Number         4  stm32f1xx_hal_rcc.o(.text.HAL_RCC_OscConfig)
    __arm_cp.1_1                             0x08001d78   Number         4  stm32f1xx_hal_rcc.o(.text.HAL_RCC_OscConfig)
    __arm_cp.1_2                             0x08001d7c   Number         4  stm32f1xx_hal_rcc.o(.text.HAL_RCC_OscConfig)
    __arm_cp.1_3                             0x08001d80   Number         4  stm32f1xx_hal_rcc.o(.text.HAL_RCC_OscConfig)
    __arm_cp.1_4                             0x08001d84   Number         4  stm32f1xx_hal_rcc.o(.text.HAL_RCC_OscConfig)
    [Anonymous Symbol]                       0x08001d88   Section        0  stm32f1xx_hal_cortex.o(.text.HAL_SYSTICK_Config)
    __arm_cp.7_0                             0x08001da8   Number         4  stm32f1xx_hal_cortex.o(.text.HAL_SYSTICK_Config)
    __arm_cp.7_1                             0x08001dac   Number         4  stm32f1xx_hal_cortex.o(.text.HAL_SYSTICK_Config)
    [Anonymous Symbol]                       0x08001db0   Section        0  stm32f1xx_hal_uart.o(.text.HAL_UART_Init)
    [Anonymous Symbol]                       0x08001e0c   Section        0  stm32f1xx_hal_msp.o(.text.HAL_UART_MspInit)
    __arm_cp.3_0                             0x08001e78   Number         4  stm32f1xx_hal_msp.o(.text.HAL_UART_MspInit)
    __arm_cp.3_1                             0x08001e7c   Number         4  stm32f1xx_hal_msp.o(.text.HAL_UART_MspInit)
    [Anonymous Symbol]                       0x08001e80   Section        0  stm32f1xx_it.o(.text.HardFault_Handler)
    [Anonymous Symbol]                       0x08001e84   Section        0  stm32f1xx_hal_i2c.o(.text.I2C_IsAcknowledgeFailed)
    I2C_IsAcknowledgeFailed                  0x08001e85   Thumb Code    52  stm32f1xx_hal_i2c.o(.text.I2C_IsAcknowledgeFailed)
    [Anonymous Symbol]                       0x08001eb4   Section        0  stm32f1xx_hal_i2c.o(.text.I2C_RequestMemoryRead)
    I2C_RequestMemoryRead                    0x08001eb5   Thumb Code   268  stm32f1xx_hal_i2c.o(.text.I2C_RequestMemoryRead)
    [Anonymous Symbol]                       0x08001fbc   Section        0  stm32f1xx_hal_i2c.o(.text.I2C_RequestMemoryWrite)
    I2C_RequestMemoryWrite                   0x08001fbd   Thumb Code   188  stm32f1xx_hal_i2c.o(.text.I2C_RequestMemoryWrite)
    __arm_cp.23_0                            0x08002074   Number         4  stm32f1xx_hal_i2c.o(.text.I2C_RequestMemoryWrite)
    [Anonymous Symbol]                       0x08002078   Section        0  stm32f1xx_hal_i2c.o(.text.I2C_WaitOnBTFFlagUntilTimeout)
    I2C_WaitOnBTFFlagUntilTimeout            0x08002079   Thumb Code    80  stm32f1xx_hal_i2c.o(.text.I2C_WaitOnBTFFlagUntilTimeout)
    [Anonymous Symbol]                       0x080020c8   Section        0  stm32f1xx_hal_i2c.o(.text.I2C_WaitOnFlagUntilTimeout)
    I2C_WaitOnFlagUntilTimeout               0x080020c9   Thumb Code   120  stm32f1xx_hal_i2c.o(.text.I2C_WaitOnFlagUntilTimeout)
    [Anonymous Symbol]                       0x08002140   Section        0  stm32f1xx_hal_i2c.o(.text.I2C_WaitOnMasterAddressFlagUntilTimeout)
    I2C_WaitOnMasterAddressFlagUntilTimeout  0x08002141   Thumb Code   172  stm32f1xx_hal_i2c.o(.text.I2C_WaitOnMasterAddressFlagUntilTimeout)
    __arm_cp.60_0                            0x080021e8   Number         4  stm32f1xx_hal_i2c.o(.text.I2C_WaitOnMasterAddressFlagUntilTimeout)
    [Anonymous Symbol]                       0x080021ec   Section        0  stm32f1xx_hal_i2c.o(.text.I2C_WaitOnRXNEFlagUntilTimeout)
    I2C_WaitOnRXNEFlagUntilTimeout           0x080021ed   Thumb Code    98  stm32f1xx_hal_i2c.o(.text.I2C_WaitOnRXNEFlagUntilTimeout)
    [Anonymous Symbol]                       0x0800224e   Section        0  stm32f1xx_hal_i2c.o(.text.I2C_WaitOnTXEFlagUntilTimeout)
    I2C_WaitOnTXEFlagUntilTimeout            0x0800224f   Thumb Code    80  stm32f1xx_hal_i2c.o(.text.I2C_WaitOnTXEFlagUntilTimeout)
    [Anonymous Symbol]                       0x080022a0   Section        0  main.o(.text.MPU6050_Init)
    __arm_cp.0_1                             0x08002330   Number         4  main.o(.text.MPU6050_Init)
    [Anonymous Symbol]                       0x08002334   Section        0  main.o(.text.MPU6050_Read_Accel)
    __arm_cp.1_1                             0x080023c0   Number         4  main.o(.text.MPU6050_Read_Accel)
    __arm_cp.1_2                             0x080023c4   Number         4  main.o(.text.MPU6050_Read_Accel)
    __arm_cp.1_3                             0x080023c8   Number         4  main.o(.text.MPU6050_Read_Accel)
    [Anonymous Symbol]                       0x080023cc   Section        0  main.o(.text.MPU6050_Read_Gyro)
    __arm_cp.2_0                             0x0800243c   Number         4  main.o(.text.MPU6050_Read_Gyro)
    __arm_cp.2_1                             0x08002440   Number         4  main.o(.text.MPU6050_Read_Gyro)
    __arm_cp.2_2                             0x08002444   Number         4  main.o(.text.MPU6050_Read_Gyro)
    [Anonymous Symbol]                       0x08002448   Section        0  stm32f1xx_it.o(.text.MemManage_Handler)
    [Anonymous Symbol]                       0x0800244a   Section        0  stm32f1xx_it.o(.text.NMI_Handler)
    [Anonymous Symbol]                       0x0800244c   Section        0  stm32f1xx_it.o(.text.PendSV_Handler)
    [Anonymous Symbol]                       0x08002450   Section        0  ssd1306.o(.text.SSD1306_Clear)
    [Anonymous Symbol]                       0x08002464   Section        0  ssd1306.o(.text.SSD1306_DrawPixel)
    __arm_cp.8_0                             0x080024b0   Number         4  ssd1306.o(.text.SSD1306_DrawPixel)
    __arm_cp.8_1                             0x080024b4   Number         4  ssd1306.o(.text.SSD1306_DrawPixel)
    [Anonymous Symbol]                       0x080024b8   Section        0  ssd1306.o(.text.SSD1306_GotoXY)
    [Anonymous Symbol]                       0x080024c0   Section        0  ssd1306.o(.text.SSD1306_Init)
    __arm_cp.9_0                             0x080025d8   Number         4  ssd1306.o(.text.SSD1306_Init)
    [Anonymous Symbol]                       0x080025dc   Section        0  ssd1306.o(.text.SSD1306_Putc)
    __arm_cp.15_0                            0x0800266c   Number         4  ssd1306.o(.text.SSD1306_Putc)
    [Anonymous Symbol]                       0x08002670   Section        0  ssd1306.o(.text.SSD1306_Puts)
    [Anonymous Symbol]                       0x08002698   Section        0  ssd1306.o(.text.SSD1306_UpdateScreen)
    __arm_cp.11_0                            0x080026d4   Number         4  ssd1306.o(.text.SSD1306_UpdateScreen)
    __arm_cp.11_1                            0x080026d8   Number         4  ssd1306.o(.text.SSD1306_UpdateScreen)
    [Anonymous Symbol]                       0x080026dc   Section        0  stm32f1xx_it.o(.text.SVC_Handler)
    [Anonymous Symbol]                       0x080026de   Section        0  stm32f1xx_it.o(.text.SysTick_Handler)
    [Anonymous Symbol]                       0x080026e2   Section        0  main.o(.text.SystemClock_Config)
    [Anonymous Symbol]                       0x08002748   Section        0  system_stm32f1xx.o(.text.SystemInit)
    [Anonymous Symbol]                       0x0800274c   Section        0  stm32f1xx_hal_uart.o(.text.UART_SetConfig)
    UART_SetConfig                           0x0800274d   Thumb Code   132  stm32f1xx_hal_uart.o(.text.UART_SetConfig)
    __arm_cp.2_0                             0x080027cc   Number         4  stm32f1xx_hal_uart.o(.text.UART_SetConfig)
    [Anonymous Symbol]                       0x080027d0   Section        0  stm32f1xx_it.o(.text.UsageFault_Handler)
    [Anonymous Symbol]                       0x080027d4   Section        0  stm32f1xx_hal_cortex.o(.text.__NVIC_SetPriority)
    __NVIC_SetPriority                       0x080027d5   Thumb Code    36  stm32f1xx_hal_cortex.o(.text.__NVIC_SetPriority)
    __arm_cp.2_0                             0x080027f0   Number         4  stm32f1xx_hal_cortex.o(.text.__NVIC_SetPriority)
    __arm_cp.2_1                             0x080027f4   Number         4  stm32f1xx_hal_cortex.o(.text.__NVIC_SetPriority)
    [Anonymous Symbol]                       0x080027f8   Section        0  main.o(.text.main)
    __arm_cp.6_0                             0x08002b40   Number         4  main.o(.text.main)
    __arm_cp.6_1                             0x08002b44   Number         4  main.o(.text.main)
    __arm_cp.6_2                             0x08002b48   Number         4  main.o(.text.main)
    __arm_cp.6_3                             0x08002b4c   Number         4  main.o(.text.main)
    __arm_cp.6_4                             0x08002b50   Number         4  main.o(.text.main)
    __arm_cp.6_5                             0x08002b54   Number         4  main.o(.text.main)
    __arm_cp.6_7                             0x08002b60   Number         4  main.o(.text.main)
    __arm_cp.6_8                             0x08002b64   Number         4  main.o(.text.main)
    __arm_cp.6_9                             0x08002b68   Number         4  main.o(.text.main)
    __arm_cp.6_10                            0x08002b6c   Number         4  main.o(.text.main)
    __arm_cp.6_11                            0x08002b70   Number         4  main.o(.text.main)
    __arm_cp.6_13                            0x08002b78   Number         4  main.o(.text.main)
    __arm_cp.6_16                            0x08002b8c   Number         4  main.o(.text.main)
    [Anonymous Symbol]                       0x08002bb4   Section        0  ssd1306.o(.text.ssd1306_I2C_Write)
    [Anonymous Symbol]                       0x08002bd4   Section        0  ssd1306.o(.text.ssd1306_I2C_WriteMulti)
    __arm_cp.12_0                            0x08002c0c   Number         4  ssd1306.o(.text.ssd1306_I2C_WriteMulti)
    CL$$btod_d2e                             0x08002c10   Section       62  btod.o(CL$$btod_d2e)
    CL$$btod_d2e_denorm_low                  0x08002c4e   Section       70  btod.o(CL$$btod_d2e_denorm_low)
    CL$$btod_d2e_norm_op1                    0x08002c94   Section       96  btod.o(CL$$btod_d2e_norm_op1)
    CL$$btod_div_common                      0x08002cf4   Section      824  btod.o(CL$$btod_div_common)
    CL$$btod_e2e                             0x0800302c   Section      220  btod.o(CL$$btod_e2e)
    CL$$btod_ediv                            0x08003108   Section       42  btod.o(CL$$btod_ediv)
    CL$$btod_emul                            0x08003132   Section       42  btod.o(CL$$btod_emul)
    CL$$btod_mult_common                     0x0800315c   Section      580  btod.o(CL$$btod_mult_common)
    i.__ARM_fpclassify                       0x080033a0   Section        0  fpclassify.o(i.__ARM_fpclassify)
    i._is_digit                              0x080033c8   Section        0  __printf_wp.o(i._is_digit)
    i.sqrtf                                  0x080033d6   Section        0  sqrtf.o(i.sqrtf)
    locale$$code                             0x08003404   Section       44  lc_numeric_c.o(locale$$code)
    x$fpl$d2f                                0x08003430   Section       98  d2f.o(x$fpl$d2f)
    x$fpl$ddiv                               0x08003494   Section      688  ddiv.o(x$fpl$ddiv)
    ddiv_entry                               0x0800349b   Thumb Code     0  ddiv.o(x$fpl$ddiv)
    x$fpl$dflt                               0x08003744   Section       46  dflt_clz.o(x$fpl$dflt)
    x$fpl$dmul                               0x08003774   Section      340  dmul.o(x$fpl$dmul)
    x$fpl$dnaninf                            0x080038c8   Section      156  dnaninf.o(x$fpl$dnaninf)
    x$fpl$dretinf                            0x08003964   Section       12  dretinf.o(x$fpl$dretinf)
    x$fpl$f2d                                0x08003970   Section       86  f2d.o(x$fpl$f2d)
    x$fpl$fadd                               0x080039c8   Section      196  faddsub_clz.o(x$fpl$fadd)
    _fadd1                                   0x080039d7   Thumb Code     0  faddsub_clz.o(x$fpl$fadd)
    x$fpl$fcmp                               0x08003a8c   Section       84  fcmp.o(x$fpl$fcmp)
    x$fpl$fcmpinf                            0x08003ae0   Section       24  fcmpi.o(x$fpl$fcmpinf)
    x$fpl$feqf                               0x08003af8   Section      104  feqf.o(x$fpl$feqf)
    x$fpl$fgeqf                              0x08003b60   Section      104  fgeqf.o(x$fpl$fgeqf)
    x$fpl$fleqf                              0x08003bc8   Section      104  fleqf.o(x$fpl$fleqf)
    x$fpl$fmul                               0x08003c30   Section      258  fmul.o(x$fpl$fmul)
    x$fpl$fnaninf                            0x08003d32   Section      140  fnaninf.o(x$fpl$fnaninf)
    x$fpl$fretinf                            0x08003dbe   Section       10  fretinf.o(x$fpl$fretinf)
    x$fpl$fsqrt                              0x08003dc8   Section      272  fsqrt.o(x$fpl$fsqrt)
    x$fpl$fsub                               0x08003ed8   Section      234  faddsub_clz.o(x$fpl$fsub)
    _fsub1                                   0x08003ee7   Thumb Code     0  faddsub_clz.o(x$fpl$fsub)
    x$fpl$printf1                            0x08003fc2   Section        4  printf1.o(x$fpl$printf1)
    x$fpl$usenofp                            0x08003fc6   Section        0  usenofp.o(x$fpl$usenofp)
    .constdata                               0x08003fc8   Section      148  bigflt0.o(.constdata)
    tenpwrs_x                                0x08003fc8   Data          60  bigflt0.o(.constdata)
    tenpwrs_i                                0x08004004   Data          64  bigflt0.o(.constdata)
    [Anonymous Symbol]                       0x0800553c   Section        0  main.o(.rodata.str1.1)
    .L.str.3                                 0x0800553c   Data           2  main.o(.rodata.str1.1)
    locale$$data                             0x08005560   Section       28  lc_numeric_c.o(locale$$data)
    __lcnum_c_name                           0x08005564   Data           2  lc_numeric_c.o(locale$$data)
    __lcnum_c_start                          0x0800556c   Data           0  lc_numeric_c.o(locale$$data)
    __lcnum_c_point                          0x08005578   Data           0  lc_numeric_c.o(locale$$data)
    __lcnum_c_thousands                      0x0800557a   Data           0  lc_numeric_c.o(locale$$data)
    __lcnum_c_grouping                       0x0800557b   Data           0  lc_numeric_c.o(locale$$data)
    __lcnum_c_end                            0x0800557c   Data           0  lc_numeric_c.o(locale$$data)
    [Anonymous Symbol]                       0x20000000   Section        0  main.o(.data..L_MergedGlobals)
    [Anonymous Symbol]                       0x20000084   Section        0  stm32f1xx_hal.o(.data..L_MergedGlobals)
    .bss                                     0x200000b0   Section       96  libspace.o(.bss)
    [Anonymous Symbol]                       0x20000110   Section        0  ssd1306.o(.bss..L_MergedGlobals)
    SSD1306.0                                0x20000110   Data           2  ssd1306.o(.bss..L_MergedGlobals)
    SSD1306.1                                0x20000112   Data           2  ssd1306.o(.bss..L_MergedGlobals)
    [Anonymous Symbol]                       0x20000120   Section        0  main.o(.bss..L_MergedGlobals.11)
    [Anonymous Symbol]                       0x20000174   Section        0  ssd1306.o(.bss.SSD1306.2)
    SSD1306.2                                0x20000174   Data           1  ssd1306.o(.bss.SSD1306.2)
    [Anonymous Symbol]                       0x20000178   Section        0  ssd1306.o(.bss.SSD1306_Buffer)
    SSD1306_Buffer                           0x20000178   Data        1024  ssd1306.o(.bss.SSD1306_Buffer)
    HEAP                                     0x20000578   Section      512  startup_stm32f103xb.o(HEAP)
    Heap_Mem                                 0x20000578   Data         512  startup_stm32f103xb.o(HEAP)
    STACK                                    0x20000778   Section     1024  startup_stm32f103xb.o(STACK)
    Stack_Mem                                0x20000778   Data        1024  startup_stm32f103xb.o(STACK)
    __initial_sp                             0x20000b78   Data           0  startup_stm32f103xb.o(STACK)

    Global Symbols

    Symbol Name                              Value     Ov Type        Size  Object(Section)

    BuildAttributes$$THM_ISAv4$P$D$K$B$S$PE$A:L22UL41UL21$X:L11$S22US41US21$IEEE1$IW$~IW$USESV6$~STKCKD$USESV7$~SHL$OTIME$ROPI$IEEEJ$EBA8$UX$STANDARDLIB$REQ8$PRES8$EABIv2 0x00000000   Number         0  anon$$obj.o ABSOLUTE
    _printf_flags                            0x00000000   Number         0  printf_stubs.o ABSOLUTE
    _printf_return_value                     0x00000000   Number         0  printf_stubs.o ABSOLUTE
    _printf_sizespec                         0x00000000   Number         0  printf_stubs.o ABSOLUTE
    _printf_widthprec                        0x00000000   Number         0  printf_stubs.o ABSOLUTE
    __ARM_exceptions_init                     - Undefined Weak Reference
    __alloca_initialize                       - Undefined Weak Reference
    __arm_preinit_                            - Undefined Weak Reference
    __cpp_initialize__aeabi_                  - Undefined Weak Reference
    __cxa_finalize                            - Undefined Weak Reference
    __sigvec_lookup                           - Undefined Weak Reference
    _atexit_init                              - Undefined Weak Reference
    _call_atexit_fns                          - Undefined Weak Reference
    _clock_init                               - Undefined Weak Reference
    _fp_trap_init                             - Undefined Weak Reference
    _fp_trap_shutdown                         - Undefined Weak Reference
    _get_lc_collate                           - Undefined Weak Reference
    _get_lc_ctype                             - Undefined Weak Reference
    _get_lc_monetary                          - Undefined Weak Reference
    _get_lc_time                              - Undefined Weak Reference
    _getenv_init                              - Undefined Weak Reference
    _handle_redirection                       - Undefined Weak Reference
    _init_alloc                               - Undefined Weak Reference
    _init_user_alloc                          - Undefined Weak Reference
    _initio                                   - Undefined Weak Reference
    _printf_post_padding                      - Undefined Weak Reference
    _printf_pre_padding                       - Undefined Weak Reference
    _printf_truncate_signed                   - Undefined Weak Reference
    _printf_truncate_unsigned                 - Undefined Weak Reference
    _rand_init                                - Undefined Weak Reference
    _signal_finish                            - Undefined Weak Reference
    _signal_init                              - Undefined Weak Reference
    _terminate_alloc                          - Undefined Weak Reference
    _terminate_user_alloc                     - Undefined Weak Reference
    _terminateio                              - Undefined Weak Reference
    __Vectors_Size                           0x000000ec   Number         0  startup_stm32f103xb.o ABSOLUTE
    __Vectors                                0x08000000   Data           4  startup_stm32f103xb.o(RESET)
    __Vectors_End                            0x080000ec   Data           0  startup_stm32f103xb.o(RESET)
    __main                                   0x080000ed   Thumb Code     8  __main.o(!!!main)
    __scatterload                            0x080000f5   Thumb Code     0  __scatter.o(!!!scatter)
    __scatterload_rt2                        0x080000f5   Thumb Code    44  __scatter.o(!!!scatter)
    __scatterload_rt2_thumb_only             0x080000f5   Thumb Code     0  __scatter.o(!!!scatter)
    __scatterload_null                       0x08000103   Thumb Code     0  __scatter.o(!!!scatter)
    __scatterload_copy                       0x08000129   Thumb Code    26  __scatter_copy.o(!!handler_copy)
    __scatterload_zeroinit                   0x08000145   Thumb Code    28  __scatter_zi.o(!!handler_zi)
    _printf_f                                0x08000161   Thumb Code     0  _printf_f.o(.ARM.Collect$$_printf_percent$$00000003)
    _printf_percent                          0x08000161   Thumb Code     0  _printf_percent.o(.ARM.Collect$$_printf_percent$$00000000)
    _printf_d                                0x08000167   Thumb Code     0  _printf_d.o(.ARM.Collect$$_printf_percent$$00000009)
    _printf_percent_end                      0x0800016d   Thumb Code     0  _printf_percent_end.o(.ARM.Collect$$_printf_percent$$00000017)
    __rt_lib_init                            0x08000171   Thumb Code     0  libinit.o(.ARM.Collect$$libinit$$00000000)
    __rt_lib_init_fp_1                       0x08000173   Thumb Code     0  libinit2.o(.ARM.Collect$$libinit$$00000002)
    __rt_lib_init_heap_1                     0x08000173   Thumb Code     0  libinit2.o(.ARM.Collect$$libinit$$0000000A)
    __rt_lib_init_lc_common                  0x08000173   Thumb Code     0  libinit2.o(.ARM.Collect$$libinit$$0000000F)
    __rt_lib_init_preinit_1                  0x08000173   Thumb Code     0  libinit2.o(.ARM.Collect$$libinit$$00000004)
    __rt_lib_init_rand_1                     0x08000173   Thumb Code     0  libinit2.o(.ARM.Collect$$libinit$$0000000E)
    __rt_lib_init_user_alloc_1               0x08000173   Thumb Code     0  libinit2.o(.ARM.Collect$$libinit$$0000000C)
    __rt_lib_init_lc_collate_1               0x08000179   Thumb Code     0  libinit2.o(.ARM.Collect$$libinit$$00000011)
    __rt_lib_init_lc_ctype_1                 0x08000179   Thumb Code     0  libinit2.o(.ARM.Collect$$libinit$$00000013)
    __rt_lib_init_lc_monetary_1              0x08000179   Thumb Code     0  libinit2.o(.ARM.Collect$$libinit$$00000015)
    __rt_lib_init_lc_numeric_2               0x08000179   Thumb Code     0  libinit2.o(.ARM.Collect$$libinit$$00000016)
    __rt_lib_init_alloca_1                   0x08000183   Thumb Code     0  libinit2.o(.ARM.Collect$$libinit$$0000002E)
    __rt_lib_init_argv_1                     0x08000183   Thumb Code     0  libinit2.o(.ARM.Collect$$libinit$$0000002C)
    __rt_lib_init_atexit_1                   0x08000183   Thumb Code     0  libinit2.o(.ARM.Collect$$libinit$$0000001B)
    __rt_lib_init_clock_1                    0x08000183   Thumb Code     0  libinit2.o(.ARM.Collect$$libinit$$00000021)
    __rt_lib_init_cpp_1                      0x08000183   Thumb Code     0  libinit2.o(.ARM.Collect$$libinit$$00000032)
    __rt_lib_init_exceptions_1               0x08000183   Thumb Code     0  libinit2.o(.ARM.Collect$$libinit$$00000030)
    __rt_lib_init_fp_trap_1                  0x08000183   Thumb Code     0  libinit2.o(.ARM.Collect$$libinit$$0000001F)
    __rt_lib_init_getenv_1                   0x08000183   Thumb Code     0  libinit2.o(.ARM.Collect$$libinit$$00000023)
    __rt_lib_init_lc_numeric_1               0x08000183   Thumb Code     0  libinit2.o(.ARM.Collect$$libinit$$00000017)
    __rt_lib_init_lc_time_1                  0x08000183   Thumb Code     0  libinit2.o(.ARM.Collect$$libinit$$00000019)
    __rt_lib_init_return                     0x08000183   Thumb Code     0  libinit2.o(.ARM.Collect$$libinit$$00000033)
    __rt_lib_init_signal_1                   0x08000183   Thumb Code     0  libinit2.o(.ARM.Collect$$libinit$$0000001D)
    __rt_lib_init_stdio_1                    0x08000183   Thumb Code     0  libinit2.o(.ARM.Collect$$libinit$$00000025)
    __rt_lib_shutdown                        0x08000185   Thumb Code     0  libshutdown.o(.ARM.Collect$$libshutdown$$00000000)
    __rt_lib_shutdown_cpp_1                  0x08000187   Thumb Code     0  libshutdown2.o(.ARM.Collect$$libshutdown$$00000002)
    __rt_lib_shutdown_fp_trap_1              0x08000187   Thumb Code     0  libshutdown2.o(.ARM.Collect$$libshutdown$$00000007)
    __rt_lib_shutdown_heap_1                 0x08000187   Thumb Code     0  libshutdown2.o(.ARM.Collect$$libshutdown$$0000000F)
    __rt_lib_shutdown_return                 0x08000187   Thumb Code     0  libshutdown2.o(.ARM.Collect$$libshutdown$$00000010)
    __rt_lib_shutdown_signal_1               0x08000187   Thumb Code     0  libshutdown2.o(.ARM.Collect$$libshutdown$$0000000A)
    __rt_lib_shutdown_stdio_1                0x08000187   Thumb Code     0  libshutdown2.o(.ARM.Collect$$libshutdown$$00000004)
    __rt_lib_shutdown_user_alloc_1           0x08000187   Thumb Code     0  libshutdown2.o(.ARM.Collect$$libshutdown$$0000000C)
    __rt_entry                               0x08000189   Thumb Code     0  __rtentry.o(.ARM.Collect$$rtentry$$00000000)
    __rt_entry_presh_1                       0x08000189   Thumb Code     0  __rtentry2.o(.ARM.Collect$$rtentry$$00000002)
    __rt_entry_sh                            0x08000189   Thumb Code     0  __rtentry4.o(.ARM.Collect$$rtentry$$00000004)
    __rt_entry_li                            0x0800018f   Thumb Code     0  __rtentry2.o(.ARM.Collect$$rtentry$$0000000A)
    __rt_entry_postsh_1                      0x0800018f   Thumb Code     0  __rtentry2.o(.ARM.Collect$$rtentry$$00000009)
    __rt_entry_main                          0x08000193   Thumb Code     0  __rtentry2.o(.ARM.Collect$$rtentry$$0000000D)
    __rt_entry_postli_1                      0x08000193   Thumb Code     0  __rtentry2.o(.ARM.Collect$$rtentry$$0000000C)
    __rt_exit                                0x0800019b   Thumb Code     0  rtexit.o(.ARM.Collect$$rtexit$$00000000)
    __rt_exit_ls                             0x0800019d   Thumb Code     0  rtexit2.o(.ARM.Collect$$rtexit$$00000003)
    __rt_exit_prels_1                        0x0800019d   Thumb Code     0  rtexit2.o(.ARM.Collect$$rtexit$$00000002)
    __rt_exit_exit                           0x080001a1   Thumb Code     0  rtexit2.o(.ARM.Collect$$rtexit$$00000004)
    Reset_Handler                            0x080001a9   Thumb Code     8  startup_stm32f103xb.o(.text)
    ADC1_2_IRQHandler                        0x080001c3   Thumb Code     0  startup_stm32f103xb.o(.text)
    CAN1_RX1_IRQHandler                      0x080001c3   Thumb Code     0  startup_stm32f103xb.o(.text)
    CAN1_SCE_IRQHandler                      0x080001c3   Thumb Code     0  startup_stm32f103xb.o(.text)
    DMA1_Channel1_IRQHandler                 0x080001c3   Thumb Code     0  startup_stm32f103xb.o(.text)
    DMA1_Channel2_IRQHandler                 0x080001c3   Thumb Code     0  startup_stm32f103xb.o(.text)
    DMA1_Channel3_IRQHandler                 0x080001c3   Thumb Code     0  startup_stm32f103xb.o(.text)
    DMA1_Channel4_IRQHandler                 0x080001c3   Thumb Code     0  startup_stm32f103xb.o(.text)
    DMA1_Channel5_IRQHandler                 0x080001c3   Thumb Code     0  startup_stm32f103xb.o(.text)
    DMA1_Channel6_IRQHandler                 0x080001c3   Thumb Code     0  startup_stm32f103xb.o(.text)
    DMA1_Channel7_IRQHandler                 0x080001c3   Thumb Code     0  startup_stm32f103xb.o(.text)
    EXTI15_10_IRQHandler                     0x080001c3   Thumb Code     0  startup_stm32f103xb.o(.text)
    EXTI1_IRQHandler                         0x080001c3   Thumb Code     0  startup_stm32f103xb.o(.text)
    EXTI2_IRQHandler                         0x080001c3   Thumb Code     0  startup_stm32f103xb.o(.text)
    EXTI3_IRQHandler                         0x080001c3   Thumb Code     0  startup_stm32f103xb.o(.text)
    EXTI4_IRQHandler                         0x080001c3   Thumb Code     0  startup_stm32f103xb.o(.text)
    EXTI9_5_IRQHandler                       0x080001c3   Thumb Code     0  startup_stm32f103xb.o(.text)
    FLASH_IRQHandler                         0x080001c3   Thumb Code     0  startup_stm32f103xb.o(.text)
    I2C1_ER_IRQHandler                       0x080001c3   Thumb Code     0  startup_stm32f103xb.o(.text)
    I2C1_EV_IRQHandler                       0x080001c3   Thumb Code     0  startup_stm32f103xb.o(.text)
    I2C2_ER_IRQHandler                       0x080001c3   Thumb Code     0  startup_stm32f103xb.o(.text)
    I2C2_EV_IRQHandler                       0x080001c3   Thumb Code     0  startup_stm32f103xb.o(.text)
    PVD_IRQHandler                           0x080001c3   Thumb Code     0  startup_stm32f103xb.o(.text)
    RCC_IRQHandler                           0x080001c3   Thumb Code     0  startup_stm32f103xb.o(.text)
    RTC_Alarm_IRQHandler                     0x080001c3   Thumb Code     0  startup_stm32f103xb.o(.text)
    RTC_IRQHandler                           0x080001c3   Thumb Code     0  startup_stm32f103xb.o(.text)
    SPI1_IRQHandler                          0x080001c3   Thumb Code     0  startup_stm32f103xb.o(.text)
    SPI2_IRQHandler                          0x080001c3   Thumb Code     0  startup_stm32f103xb.o(.text)
    TAMPER_IRQHandler                        0x080001c3   Thumb Code     0  startup_stm32f103xb.o(.text)
    TIM1_BRK_IRQHandler                      0x080001c3   Thumb Code     0  startup_stm32f103xb.o(.text)
    TIM1_CC_IRQHandler                       0x080001c3   Thumb Code     0  startup_stm32f103xb.o(.text)
    TIM1_TRG_COM_IRQHandler                  0x080001c3   Thumb Code     0  startup_stm32f103xb.o(.text)
    TIM1_UP_IRQHandler                       0x080001c3   Thumb Code     0  startup_stm32f103xb.o(.text)
    TIM2_IRQHandler                          0x080001c3   Thumb Code     0  startup_stm32f103xb.o(.text)
    TIM3_IRQHandler                          0x080001c3   Thumb Code     0  startup_stm32f103xb.o(.text)
    TIM4_IRQHandler                          0x080001c3   Thumb Code     0  startup_stm32f103xb.o(.text)
    USART1_IRQHandler                        0x080001c3   Thumb Code     0  startup_stm32f103xb.o(.text)
    USART2_IRQHandler                        0x080001c3   Thumb Code     0  startup_stm32f103xb.o(.text)
    USART3_IRQHandler                        0x080001c3   Thumb Code     0  startup_stm32f103xb.o(.text)
    USBWakeUp_IRQHandler                     0x080001c3   Thumb Code     0  startup_stm32f103xb.o(.text)
    USB_HP_CAN1_TX_IRQHandler                0x080001c3   Thumb Code     0  startup_stm32f103xb.o(.text)
    USB_LP_CAN1_RX0_IRQHandler               0x080001c3   Thumb Code     0  startup_stm32f103xb.o(.text)
    WWDG_IRQHandler                          0x080001c3   Thumb Code     0  startup_stm32f103xb.o(.text)
    __user_initial_stackheap                 0x080001c5   Thumb Code     0  startup_stm32f103xb.o(.text)
    __2sprintf                               0x080001e9   Thumb Code    34  noretval__2sprintf.o(.text)
    _printf_int_dec                          0x08000211   Thumb Code   104  _printf_dec.o(.text)
    __printf                                 0x08000289   Thumb Code   270  __printf_wp.o(.text)
    __aeabi_memclr4                          0x08000397   Thumb Code     0  rt_memclr_w.o(.text)
    __aeabi_memclr8                          0x08000397   Thumb Code     0  rt_memclr_w.o(.text)
    __rt_memclr_w                            0x08000397   Thumb Code    78  rt_memclr_w.o(.text)
    _memset_w                                0x0800039b   Thumb Code     0  rt_memclr_w.o(.text)
    __use_two_region_memory                  0x080003e5   Thumb Code     2  heapauxi.o(.text)
    __rt_heap_escrow$2region                 0x080003e7   Thumb Code     2  heapauxi.o(.text)
    __rt_heap_expand$2region                 0x080003e9   Thumb Code     2  heapauxi.o(.text)
    __read_errno                             0x080003eb   Thumb Code    10  _rserrno.o(.text)
    __set_errno                              0x080003f5   Thumb Code    12  _rserrno.o(.text)
    _printf_int_common                       0x08000401   Thumb Code   178  _printf_intcommon.o(.text)
    _printf_fp_dec_real                      0x08000663   Thumb Code   620  _printf_fp_dec.o(.text)
    _printf_char_common                      0x080008db   Thumb Code    32  _printf_char_common.o(.text)
    _sputc                                   0x08000901   Thumb Code    10  _sputc.o(.text)
    __rt_locale                              0x0800090d   Thumb Code     8  rt_locale_intlibspace.o(.text)
    __aeabi_errno_addr                       0x08000915   Thumb Code     8  rt_errno_addr_intlibspace.o(.text)
    __errno$intlibspace                      0x08000915   Thumb Code     0  rt_errno_addr_intlibspace.o(.text)
    __rt_errno_addr$intlibspace              0x08000915   Thumb Code     0  rt_errno_addr_intlibspace.o(.text)
    _ll_udiv10                               0x0800091d   Thumb Code   138  lludiv10.o(.text)
    _printf_fp_infnan                        0x080009a9   Thumb Code   112  _printf_fp_infnan.o(.text)
    _btod_etento                             0x08000a29   Thumb Code   224  bigflt0.o(.text)
    __user_libspace                          0x08000b0d   Thumb Code     8  libspace.o(.text)
    __user_perproc_libspace                  0x08000b0d   Thumb Code     0  libspace.o(.text)
    __user_perthread_libspace                0x08000b0d   Thumb Code     0  libspace.o(.text)
    __user_setup_stackheap                   0x08000b15   Thumb Code    74  sys_stackheap_outer.o(.text)
    exit                                     0x08000b5f   Thumb Code    18  exit.o(.text)
    strcmp                                   0x08000b71   Thumb Code   128  strcmpv7m.o(.text)
    _sys_exit                                0x08000bf1   Thumb Code     8  sys_exit.o(.text)
    __I$use$semihosting                      0x08000bfd   Thumb Code     0  use_no_semi.o(.text)
    __use_no_semihosting_swi                 0x08000bfd   Thumb Code     2  use_no_semi.o(.text)
    BusFault_Handler                         0x08000bff   Thumb Code     2  stm32f1xx_it.o(.text.BusFault_Handler)
    __semihosting_library_function           0x08000bff   Thumb Code     0  indicate_semi.o(.text)
    Button_Handler                           0x08000c01   Thumb Code    80  main.o(.text.Button_Handler)
    DebugMon_Handler                         0x08000c51   Thumb Code     2  stm32f1xx_it.o(.text.DebugMon_Handler)
    EXTI0_IRQHandler                         0x08000c53   Thumb Code     6  main.o(.text.EXTI0_IRQHandler)
    HAL_Delay                                0x08000c59   Thumb Code    36  stm32f1xx_hal.o(.text.HAL_Delay)
    HAL_GPIO_EXTI_Callback                   0x08000c79   Thumb Code    10  main.o(.text.HAL_GPIO_EXTI_Callback)
    HAL_GPIO_EXTI_IRQHandler                 0x08000c85   Thumb Code    20  stm32f1xx_hal_gpio.o(.text.HAL_GPIO_EXTI_IRQHandler)
    HAL_GPIO_Init                            0x08000c99   Thumb Code   420  stm32f1xx_hal_gpio.o(.text.HAL_GPIO_Init)
    HAL_GPIO_ReadPin                         0x08000e3d   Thumb Code    10  stm32f1xx_hal_gpio.o(.text.HAL_GPIO_ReadPin)
    HAL_GPIO_TogglePin                       0x08000e47   Thumb Code    16  stm32f1xx_hal_gpio.o(.text.HAL_GPIO_TogglePin)
    HAL_GPIO_WritePin                        0x08000e57   Thumb Code    10  stm32f1xx_hal_gpio.o(.text.HAL_GPIO_WritePin)
    HAL_GetTick                              0x08000e61   Thumb Code    12  stm32f1xx_hal.o(.text.HAL_GetTick)
    HAL_I2C_Init                             0x08000e6d   Thumb Code   388  stm32f1xx_hal_i2c.o(.text.HAL_I2C_Init)
    HAL_I2C_IsDeviceReady                    0x08000ff1   Thumb Code   364  stm32f1xx_hal_i2c.o(.text.HAL_I2C_IsDeviceReady)
    HAL_I2C_Master_Transmit                  0x0800115d   Thumb Code   428  stm32f1xx_hal_i2c.o(.text.HAL_I2C_Master_Transmit)
    HAL_I2C_Mem_Read                         0x08001309   Thumb Code   680  stm32f1xx_hal_i2c.o(.text.HAL_I2C_Mem_Read)
    HAL_I2C_Mem_Write                        0x080015a5   Thumb Code   300  stm32f1xx_hal_i2c.o(.text.HAL_I2C_Mem_Write)
    HAL_I2C_MspInit                          0x080016d1   Thumb Code    96  stm32f1xx_hal_msp.o(.text.HAL_I2C_MspInit)
    HAL_IncTick                              0x0800172d   Thumb Code    16  stm32f1xx_hal.o(.text.HAL_IncTick)
    HAL_Init                                 0x08001739   Thumb Code    36  stm32f1xx_hal.o(.text.HAL_Init)
    HAL_InitTick                             0x0800175d   Thumb Code    64  stm32f1xx_hal.o(.text.HAL_InitTick)
    HAL_MspInit                              0x08001799   Thumb Code    64  stm32f1xx_hal_msp.o(.text.HAL_MspInit)
    HAL_NVIC_EnableIRQ                       0x080017d9   Thumb Code    28  stm32f1xx_hal_cortex.o(.text.HAL_NVIC_EnableIRQ)
    HAL_NVIC_SetPriority                     0x080017f5   Thumb Code    72  stm32f1xx_hal_cortex.o(.text.HAL_NVIC_SetPriority)
    HAL_NVIC_SetPriorityGrouping             0x08001839   Thumb Code    32  stm32f1xx_hal_cortex.o(.text.HAL_NVIC_SetPriorityGrouping)
    HAL_RCC_ClockConfig                      0x08001859   Thumb Code   312  stm32f1xx_hal_rcc.o(.text.HAL_RCC_ClockConfig)
    HAL_RCC_GetPCLK1Freq                     0x0800198d   Thumb Code    32  stm32f1xx_hal_rcc.o(.text.HAL_RCC_GetPCLK1Freq)
    HAL_RCC_GetPCLK2Freq                     0x080019a1   Thumb Code    32  stm32f1xx_hal_rcc.o(.text.HAL_RCC_GetPCLK2Freq)
    HAL_RCC_GetSysClockFreq                  0x080019bd   Thumb Code    88  stm32f1xx_hal_rcc.o(.text.HAL_RCC_GetSysClockFreq)
    HAL_RCC_OscConfig                        0x08001a15   Thumb Code   884  stm32f1xx_hal_rcc.o(.text.HAL_RCC_OscConfig)
    HAL_SYSTICK_Config                       0x08001d89   Thumb Code    40  stm32f1xx_hal_cortex.o(.text.HAL_SYSTICK_Config)
    HAL_UART_Init                            0x08001db1   Thumb Code    92  stm32f1xx_hal_uart.o(.text.HAL_UART_Init)
    HAL_UART_MspInit                         0x08001e0d   Thumb Code   116  stm32f1xx_hal_msp.o(.text.HAL_UART_MspInit)
    HardFault_Handler                        0x08001e81   Thumb Code     2  stm32f1xx_it.o(.text.HardFault_Handler)
    MPU6050_Init                             0x080022a1   Thumb Code   152  main.o(.text.MPU6050_Init)
    MPU6050_Read_Accel                       0x08002335   Thumb Code   160  main.o(.text.MPU6050_Read_Accel)
    MPU6050_Read_Gyro                        0x080023cd   Thumb Code   124  main.o(.text.MPU6050_Read_Gyro)
    MemManage_Handler                        0x08002449   Thumb Code     2  stm32f1xx_it.o(.text.MemManage_Handler)
    NMI_Handler                              0x0800244b   Thumb Code     2  stm32f1xx_it.o(.text.NMI_Handler)
    PendSV_Handler                           0x0800244d   Thumb Code     2  stm32f1xx_it.o(.text.PendSV_Handler)
    SSD1306_Clear                            0x08002451   Thumb Code    24  ssd1306.o(.text.SSD1306_Clear)
    SSD1306_DrawPixel                        0x08002465   Thumb Code    88  ssd1306.o(.text.SSD1306_DrawPixel)
    SSD1306_GotoXY                           0x080024b9   Thumb Code    12  ssd1306.o(.text.SSD1306_GotoXY)
    SSD1306_Init                             0x080024c1   Thumb Code   296  ssd1306.o(.text.SSD1306_Init)
    SSD1306_Putc                             0x080025dd   Thumb Code   148  ssd1306.o(.text.SSD1306_Putc)
    SSD1306_Puts                             0x08002671   Thumb Code    40  ssd1306.o(.text.SSD1306_Puts)
    SSD1306_UpdateScreen                     0x08002699   Thumb Code    68  ssd1306.o(.text.SSD1306_UpdateScreen)
    SVC_Handler                              0x080026dd   Thumb Code     2  stm32f1xx_it.o(.text.SVC_Handler)
    SysTick_Handler                          0x080026df   Thumb Code     4  stm32f1xx_it.o(.text.SysTick_Handler)
    SystemClock_Config                       0x080026e3   Thumb Code   102  main.o(.text.SystemClock_Config)
    SystemInit                               0x08002749   Thumb Code     2  system_stm32f1xx.o(.text.SystemInit)
    UsageFault_Handler                       0x080027d1   Thumb Code     2  stm32f1xx_it.o(.text.UsageFault_Handler)
    main                                     0x080027f9   Thumb Code   956  main.o(.text.main)
    ssd1306_I2C_Write                        0x08002bb5   Thumb Code    36  ssd1306.o(.text.ssd1306_I2C_Write)
    ssd1306_I2C_WriteMulti                   0x08002bd5   Thumb Code    60  ssd1306.o(.text.ssd1306_I2C_WriteMulti)
    _btod_d2e                                0x08002c11   Thumb Code    62  btod.o(CL$$btod_d2e)
    _d2e_denorm_low                          0x08002c4f   Thumb Code    70  btod.o(CL$$btod_d2e_denorm_low)
    _d2e_norm_op1                            0x08002c95   Thumb Code    96  btod.o(CL$$btod_d2e_norm_op1)
    __btod_div_common                        0x08002cf5   Thumb Code   696  btod.o(CL$$btod_div_common)
    _e2e                                     0x0800302d   Thumb Code   220  btod.o(CL$$btod_e2e)
    _btod_ediv                               0x08003109   Thumb Code    42  btod.o(CL$$btod_ediv)
    _btod_emul                               0x08003133   Thumb Code    42  btod.o(CL$$btod_emul)
    __btod_mult_common                       0x0800315d   Thumb Code   580  btod.o(CL$$btod_mult_common)
    __ARM_fpclassify                         0x080033a1   Thumb Code    40  fpclassify.o(i.__ARM_fpclassify)
    _is_digit                                0x080033c9   Thumb Code    14  __printf_wp.o(i._is_digit)
    sqrtf                                    0x080033d7   Thumb Code    44  sqrtf.o(i.sqrtf)
    _get_lc_numeric                          0x08003405   Thumb Code    44  lc_numeric_c.o(locale$$code)
    __aeabi_d2f                              0x08003431   Thumb Code     0  d2f.o(x$fpl$d2f)
    _d2f                                     0x08003431   Thumb Code    98  d2f.o(x$fpl$d2f)
    __aeabi_ddiv                             0x08003495   Thumb Code     0  ddiv.o(x$fpl$ddiv)
    _ddiv                                    0x08003495   Thumb Code   552  ddiv.o(x$fpl$ddiv)
    __aeabi_i2d                              0x08003745   Thumb Code     0  dflt_clz.o(x$fpl$dflt)
    _dflt                                    0x08003745   Thumb Code    46  dflt_clz.o(x$fpl$dflt)
    __aeabi_dmul                             0x08003775   Thumb Code     0  dmul.o(x$fpl$dmul)
    _dmul                                    0x08003775   Thumb Code   332  dmul.o(x$fpl$dmul)
    __fpl_dnaninf                            0x080038c9   Thumb Code   156  dnaninf.o(x$fpl$dnaninf)
    __fpl_dretinf                            0x08003965   Thumb Code    12  dretinf.o(x$fpl$dretinf)
    __aeabi_f2d                              0x08003971   Thumb Code     0  f2d.o(x$fpl$f2d)
    _f2d                                     0x08003971   Thumb Code    86  f2d.o(x$fpl$f2d)
    __aeabi_fadd                             0x080039c9   Thumb Code     0  faddsub_clz.o(x$fpl$fadd)
    _fadd                                    0x080039c9   Thumb Code   196  faddsub_clz.o(x$fpl$fadd)
    __aeabi_fcmpeq                           0x08003a8d   Thumb Code     0  fcmp.o(x$fpl$fcmp)
    _feq                                     0x08003a8d   Thumb Code    14  fcmp.o(x$fpl$fcmp)
    _fneq                                    0x08003a9b   Thumb Code    14  fcmp.o(x$fpl$fcmp)
    __aeabi_fcmpgt                           0x08003aa9   Thumb Code     0  fcmp.o(x$fpl$fcmp)
    _fgr                                     0x08003aa9   Thumb Code    14  fcmp.o(x$fpl$fcmp)
    __aeabi_fcmpge                           0x08003ab7   Thumb Code     0  fcmp.o(x$fpl$fcmp)
    _fgeq                                    0x08003ab7   Thumb Code    14  fcmp.o(x$fpl$fcmp)
    __aeabi_fcmple                           0x08003ac5   Thumb Code     0  fcmp.o(x$fpl$fcmp)
    _fleq                                    0x08003ac5   Thumb Code    14  fcmp.o(x$fpl$fcmp)
    __aeabi_fcmplt                           0x08003ad3   Thumb Code     0  fcmp.o(x$fpl$fcmp)
    _fls                                     0x08003ad3   Thumb Code    14  fcmp.o(x$fpl$fcmp)
    __fpl_fcmp_Inf                           0x08003ae1   Thumb Code    24  fcmpi.o(x$fpl$fcmpinf)
    __aeabi_cfcmpeq                          0x08003af9   Thumb Code     0  feqf.o(x$fpl$feqf)
    _fcmpeq                                  0x08003af9   Thumb Code   104  feqf.o(x$fpl$feqf)
    _fcmpge                                  0x08003b61   Thumb Code   104  fgeqf.o(x$fpl$fgeqf)
    __aeabi_cfcmple                          0x08003bc9   Thumb Code     0  fleqf.o(x$fpl$fleqf)
    _fcmple                                  0x08003bc9   Thumb Code   104  fleqf.o(x$fpl$fleqf)
    __fpl_fcmple_InfNaN                      0x08003c1b   Thumb Code     0  fleqf.o(x$fpl$fleqf)
    __aeabi_fmul                             0x08003c31   Thumb Code     0  fmul.o(x$fpl$fmul)
    _fmul                                    0x08003c31   Thumb Code   258  fmul.o(x$fpl$fmul)
    __fpl_fnaninf                            0x08003d33   Thumb Code   140  fnaninf.o(x$fpl$fnaninf)
    __fpl_fretinf                            0x08003dbf   Thumb Code    10  fretinf.o(x$fpl$fretinf)
    _fsqrt                                   0x08003dc9   Thumb Code   272  fsqrt.o(x$fpl$fsqrt)
    __aeabi_fsub                             0x08003ed9   Thumb Code     0  faddsub_clz.o(x$fpl$fsub)
    _fsub                                    0x08003ed9   Thumb Code   234  faddsub_clz.o(x$fpl$fsub)
    _printf_fp_dec                           0x08003fc3   Thumb Code     4  printf1.o(x$fpl$printf1)
    __I$use$fp                               0x08003fc6   Number         0  usenofp.o(x$fpl$usenofp)
    AHBPrescTable                            0x0800405c   Data          16  system_stm32f1xx.o(.rodata.AHBPrescTable)
    APBPrescTable                            0x0800406c   Data           8  system_stm32f1xx.o(.rodata.APBPrescTable)
    Font11x18                                0x08004074   Data        3420  fonts.o(.rodata.Font11x18)
    Font7x10                                 0x08004dd0   Data        1900  fonts.o(.rodata.Font7x10)
    Region$$Table$$Base                      0x08005540   Number         0  anon$$obj.o(Region$$Table)
    Region$$Table$$Limit                     0x08005560   Number         0  anon$$obj.o(Region$$Table)
    buttonState                              0x20000000   Data           1  main.o(.data..L_MergedGlobals)
    paused                                   0x20000001   Data           1  main.o(.data..L_MergedGlobals)
    prevAcc                                  0x20000004   Data           4  main.o(.data..L_MergedGlobals)
    step                                     0x20000008   Data           4  main.o(.data..L_MergedGlobals)
    blinkTimer                               0x2000000c   Data           4  main.o(.data..L_MergedGlobals)
    blinkDelay                               0x20000010   Data           4  main.o(.data..L_MergedGlobals)
    mpuTimer                                 0x20000014   Data           4  main.o(.data..L_MergedGlobals)
    mpuDelay                                 0x20000018   Data           4  main.o(.data..L_MergedGlobals)
    Ax                                       0x2000001c   Data           4  main.o(.data..L_MergedGlobals)
    Ay                                       0x20000020   Data           4  main.o(.data..L_MergedGlobals)
    Az                                       0x20000024   Data           4  main.o(.data..L_MergedGlobals)
    Gx                                       0x20000028   Data           4  main.o(.data..L_MergedGlobals)
    Gy                                       0x2000002c   Data           4  main.o(.data..L_MergedGlobals)
    Gz                                       0x20000030   Data           4  main.o(.data..L_MergedGlobals)
    Acc                                      0x20000034   Data           4  main.o(.data..L_MergedGlobals)
    buff                                     0x20000038   Data           5  main.o(.data..L_MergedGlobals)
    huart2                                   0x20000040   Data          68  main.o(.data..L_MergedGlobals)
    uwTickFreq                               0x20000084   Data           1  stm32f1xx_hal.o(.data..L_MergedGlobals)
    uwTickPrio                               0x20000088   Data           4  stm32f1xx_hal.o(.data..L_MergedGlobals)
    uwTick                                   0x2000008c   Data           4  stm32f1xx_hal.o(.data..L_MergedGlobals)
    Font_11x18                               0x20000090   Data           8  fonts.o(.data.Font_11x18)
    Font_7x10                                0x20000098   Data           8  fonts.o(.data.Font_7x10)
    SystemCoreClock                          0x200000a0   Data           4  system_stm32f1xx.o(.data.SystemCoreClock)
    __libspace_start                         0x200000b0   Data          96  libspace.o(.bss)
    __temporary_stack_top$libspace           0x20000110   Data           0  libspace.o(.bss)
    hi2c1                                    0x20000120   Data          84  main.o(.bss..L_MergedGlobals.11)



==============================================================================

Memory Map of the image

  Image Entry point : 0x080000ed

  Load Region LR_IROM1 (Base: 0x08000000, Size: 0x00005630, Max: 0x00010000, ABSOLUTE)

    Execution Region ER_IROM1 (Exec base: 0x08000000, Load base: 0x08000000, Size: 0x0000557c, Max: 0x00010000, ABSOLUTE)

    Exec Addr    Load Addr    Size         Type   Attr      Idx    E Section Name        Object

    0x08000000   0x08000000   0x000000ec   Data   RO            3    RESET               startup_stm32f103xb.o
    0x080000ec   0x080000ec   0x00000008   Code   RO          892  * !!!main             c_w.l(__main.o)
    0x080000f4   0x080000f4   0x00000034   Code   RO         1179    !!!scatter          c_w.l(__scatter.o)
    0x08000128   0x08000128   0x0000001a   Code   RO         1181    !!handler_copy      c_w.l(__scatter_copy.o)
    0x08000142   0x08000142   0x00000002   PAD
    0x08000144   0x08000144   0x0000001c   Code   RO         1183    !!handler_zi        c_w.l(__scatter_zi.o)
    0x08000160   0x08000160   0x00000000   Code   RO          883    .ARM.Collect$$_printf_percent$$00000000  c_w.l(_printf_percent.o)
    0x08000160   0x08000160   0x00000006   Code   RO          882    .ARM.Collect$$_printf_percent$$00000003  c_w.l(_printf_f.o)
    0x08000166   0x08000166   0x00000006   Code   RO          881    .ARM.Collect$$_printf_percent$$00000009  c_w.l(_printf_d.o)
    0x0800016c   0x0800016c   0x00000004   Code   RO          943    .ARM.Collect$$_printf_percent$$00000017  c_w.l(_printf_percent_end.o)
    0x08000170   0x08000170   0x00000002   Code   RO         1044    .ARM.Collect$$libinit$$00000000  c_w.l(libinit.o)
    0x08000172   0x08000172   0x00000000   Code   RO         1046    .ARM.Collect$$libinit$$00000002  c_w.l(libinit2.o)
    0x08000172   0x08000172   0x00000000   Code   RO         1048    .ARM.Collect$$libinit$$00000004  c_w.l(libinit2.o)
    0x08000172   0x08000172   0x00000000   Code   RO         1051    .ARM.Collect$$libinit$$0000000A  c_w.l(libinit2.o)
    0x08000172   0x08000172   0x00000000   Code   RO         1053    .ARM.Collect$$libinit$$0000000C  c_w.l(libinit2.o)
    0x08000172   0x08000172   0x00000000   Code   RO         1055    .ARM.Collect$$libinit$$0000000E  c_w.l(libinit2.o)
    0x08000172   0x08000172   0x00000006   Code   RO         1056    .ARM.Collect$$libinit$$0000000F  c_w.l(libinit2.o)
    0x08000178   0x08000178   0x00000000   Code   RO         1058    .ARM.Collect$$libinit$$00000011  c_w.l(libinit2.o)
    0x08000178   0x08000178   0x00000000   Code   RO         1060    .ARM.Collect$$libinit$$00000013  c_w.l(libinit2.o)
    0x08000178   0x08000178   0x00000000   Code   RO         1062    .ARM.Collect$$libinit$$00000015  c_w.l(libinit2.o)
    0x08000178   0x08000178   0x0000000a   Code   RO         1063    .ARM.Collect$$libinit$$00000016  c_w.l(libinit2.o)
    0x08000182   0x08000182   0x00000000   Code   RO         1064    .ARM.Collect$$libinit$$00000017  c_w.l(libinit2.o)
    0x08000182   0x08000182   0x00000000   Code   RO         1066    .ARM.Collect$$libinit$$00000019  c_w.l(libinit2.o)
    0x08000182   0x08000182   0x00000000   Code   RO         1068    .ARM.Collect$$libinit$$0000001B  c_w.l(libinit2.o)
    0x08000182   0x08000182   0x00000000   Code   RO         1070    .ARM.Collect$$libinit$$0000001D  c_w.l(libinit2.o)
    0x08000182   0x08000182   0x00000000   Code   RO         1072    .ARM.Collect$$libinit$$0000001F  c_w.l(libinit2.o)
    0x08000182   0x08000182   0x00000000   Code   RO         1074    .ARM.Collect$$libinit$$00000021  c_w.l(libinit2.o)
    0x08000182   0x08000182   0x00000000   Code   RO         1076    .ARM.Collect$$libinit$$00000023  c_w.l(libinit2.o)
    0x08000182   0x08000182   0x00000000   Code   RO         1078    .ARM.Collect$$libinit$$00000025  c_w.l(libinit2.o)
    0x08000182   0x08000182   0x00000000   Code   RO         1082    .ARM.Collect$$libinit$$0000002C  c_w.l(libinit2.o)
    0x08000182   0x08000182   0x00000000   Code   RO         1084    .ARM.Collect$$libinit$$0000002E  c_w.l(libinit2.o)
    0x08000182   0x08000182   0x00000000   Code   RO         1086    .ARM.Collect$$libinit$$00000030  c_w.l(libinit2.o)
    0x08000182   0x08000182   0x00000000   Code   RO         1088    .ARM.Collect$$libinit$$00000032  c_w.l(libinit2.o)
    0x08000182   0x08000182   0x00000002   Code   RO         1089    .ARM.Collect$$libinit$$00000033  c_w.l(libinit2.o)
    0x08000184   0x08000184   0x00000002   Code   RO         1125    .ARM.Collect$$libshutdown$$00000000  c_w.l(libshutdown.o)
    0x08000186   0x08000186   0x00000000   Code   RO         1136    .ARM.Collect$$libshutdown$$00000002  c_w.l(libshutdown2.o)
    0x08000186   0x08000186   0x00000000   Code   RO         1138    .ARM.Collect$$libshutdown$$00000004  c_w.l(libshutdown2.o)
    0x08000186   0x08000186   0x00000000   Code   RO         1141    .ARM.Collect$$libshutdown$$00000007  c_w.l(libshutdown2.o)
    0x08000186   0x08000186   0x00000000   Code   RO         1144    .ARM.Collect$$libshutdown$$0000000A  c_w.l(libshutdown2.o)
    0x08000186   0x08000186   0x00000000   Code   RO         1146    .ARM.Collect$$libshutdown$$0000000C  c_w.l(libshutdown2.o)
    0x08000186   0x08000186   0x00000000   Code   RO         1149    .ARM.Collect$$libshutdown$$0000000F  c_w.l(libshutdown2.o)
    0x08000186   0x08000186   0x00000002   Code   RO         1150    .ARM.Collect$$libshutdown$$00000010  c_w.l(libshutdown2.o)
    0x08000188   0x08000188   0x00000000   Code   RO          930    .ARM.Collect$$rtentry$$00000000  c_w.l(__rtentry.o)
    0x08000188   0x08000188   0x00000000   Code   RO          962    .ARM.Collect$$rtentry$$00000002  c_w.l(__rtentry2.o)
    0x08000188   0x08000188   0x00000006   Code   RO          974    .ARM.Collect$$rtentry$$00000004  c_w.l(__rtentry4.o)
    0x0800018e   0x0800018e   0x00000000   Code   RO          964    .ARM.Collect$$rtentry$$00000009  c_w.l(__rtentry2.o)
    0x0800018e   0x0800018e   0x00000004   Code   RO          965    .ARM.Collect$$rtentry$$0000000A  c_w.l(__rtentry2.o)
    0x08000192   0x08000192   0x00000000   Code   RO          967    .ARM.Collect$$rtentry$$0000000C  c_w.l(__rtentry2.o)
    0x08000192   0x08000192   0x00000008   Code   RO          968    .ARM.Collect$$rtentry$$0000000D  c_w.l(__rtentry2.o)
    0x0800019a   0x0800019a   0x00000002   Code   RO         1090    .ARM.Collect$$rtexit$$00000000  c_w.l(rtexit.o)
    0x0800019c   0x0800019c   0x00000000   Code   RO         1099    .ARM.Collect$$rtexit$$00000002  c_w.l(rtexit2.o)
    0x0800019c   0x0800019c   0x00000004   Code   RO         1100    .ARM.Collect$$rtexit$$00000003  c_w.l(rtexit2.o)
    0x080001a0   0x080001a0   0x00000006   Code   RO         1101    .ARM.Collect$$rtexit$$00000004  c_w.l(rtexit2.o)
    0x080001a6   0x080001a6   0x00000002   PAD
    0x080001a8   0x080001a8   0x00000040   Code   RO            4    .text               startup_stm32f103xb.o
    0x080001e8   0x080001e8   0x00000028   Code   RO          855    .text               c_w.l(noretval__2sprintf.o)
    0x08000210   0x08000210   0x00000078   Code   RO          859    .text               c_w.l(_printf_dec.o)
    0x08000288   0x08000288   0x0000010e   Code   RO          869    .text               c_w.l(__printf_wp.o)
    0x08000396   0x08000396   0x0000004e   Code   RO          888    .text               c_w.l(rt_memclr_w.o)
    0x080003e4   0x080003e4   0x00000006   Code   RO          890    .text               c_w.l(heapauxi.o)
    0x080003ea   0x080003ea   0x00000016   Code   RO          931    .text               c_w.l(_rserrno.o)
    0x08000400   0x08000400   0x000000b2   Code   RO          933    .text               c_w.l(_printf_intcommon.o)
    0x080004b2   0x080004b2   0x0000041c   Code   RO          935    .text               c_w.l(_printf_fp_dec.o)
    0x080008ce   0x080008ce   0x00000002   PAD
    0x080008d0   0x080008d0   0x00000030   Code   RO          939    .text               c_w.l(_printf_char_common.o)
    0x08000900   0x08000900   0x0000000a   Code   RO          941    .text               c_w.l(_sputc.o)
    0x0800090a   0x0800090a   0x00000002   PAD
    0x0800090c   0x0800090c   0x00000008   Code   RO          979    .text               c_w.l(rt_locale_intlibspace.o)
    0x08000914   0x08000914   0x00000008   Code   RO          984    .text               c_w.l(rt_errno_addr_intlibspace.o)
    0x0800091c   0x0800091c   0x0000008a   Code   RO          986    .text               c_w.l(lludiv10.o)
    0x080009a6   0x080009a6   0x00000002   PAD
    0x080009a8   0x080009a8   0x00000080   Code   RO          988    .text               c_w.l(_printf_fp_infnan.o)
    0x08000a28   0x08000a28   0x000000e4   Code   RO          992    .text               c_w.l(bigflt0.o)
    0x08000b0c   0x08000b0c   0x00000008   Code   RO         1028    .text               c_w.l(libspace.o)
    0x08000b14   0x08000b14   0x0000004a   Code   RO         1031    .text               c_w.l(sys_stackheap_outer.o)
    0x08000b5e   0x08000b5e   0x00000012   Code   RO         1035    .text               c_w.l(exit.o)
    0x08000b70   0x08000b70   0x00000080   Code   RO         1037    .text               c_w.l(strcmpv7m.o)
    0x08000bf0   0x08000bf0   0x0000000c   Code   RO         1111    .text               c_w.l(sys_exit.o)
    0x08000bfc   0x08000bfc   0x00000002   Code   RO         1126    .text               c_w.l(use_no_semi.o)
    0x08000bfe   0x08000bfe   0x00000000   Code   RO         1128    .text               c_w.l(indicate_semi.o)
    0x08000bfe   0x08000bfe   0x00000002   Code   RO          140    .text.BusFault_Handler  stm32f1xx_it.o
    0x08000c00   0x08000c00   0x00000050   Code   RO          106    .text.Button_Handler  main.o
    0x08000c50   0x08000c50   0x00000002   Code   RO          146    .text.DebugMon_Handler  stm32f1xx_it.o
    0x08000c52   0x08000c52   0x00000006   Code   RO          110    .text.EXTI0_IRQHandler  main.o
    0x08000c58   0x08000c58   0x00000020   Code   RO          355    .text.HAL_Delay     stm32f1xx_hal.o
    0x08000c78   0x08000c78   0x0000000a   Code   RO          108    .text.HAL_GPIO_EXTI_Callback  main.o
    0x08000c82   0x08000c82   0x00000002   PAD
    0x08000c84   0x08000c84   0x00000014   Code   RO          465    .text.HAL_GPIO_EXTI_IRQHandler  stm32f1xx_hal_gpio.o
    0x08000c98   0x08000c98   0x000001a4   Code   RO          453    .text.HAL_GPIO_Init  stm32f1xx_hal_gpio.o
    0x08000e3c   0x08000e3c   0x0000000a   Code   RO          457    .text.HAL_GPIO_ReadPin  stm32f1xx_hal_gpio.o
    0x08000e46   0x08000e46   0x00000010   Code   RO          461    .text.HAL_GPIO_TogglePin  stm32f1xx_hal_gpio.o
    0x08000e56   0x08000e56   0x0000000a   Code   RO          459    .text.HAL_GPIO_WritePin  stm32f1xx_hal_gpio.o
    0x08000e60   0x08000e60   0x0000000c   Code   RO          347    .text.HAL_GetTick   stm32f1xx_hal.o
    0x08000e6c   0x08000e6c   0x00000184   Code   RO          200    .text.HAL_I2C_Init  stm32f1xx_hal_i2c.o
    0x08000ff0   0x08000ff0   0x0000016c   Code   RO          260    .text.HAL_I2C_IsDeviceReady  stm32f1xx_hal_i2c.o
    0x0800115c   0x0800115c   0x000001ac   Code   RO          208    .text.HAL_I2C_Master_Transmit  stm32f1xx_hal_i2c.o
    0x08001308   0x08001308   0x0000029c   Code   RO          248    .text.HAL_I2C_Mem_Read  stm32f1xx_hal_i2c.o
    0x080015a4   0x080015a4   0x0000012c   Code   RO          244    .text.HAL_I2C_Mem_Write  stm32f1xx_hal_i2c.o
    0x080016d0   0x080016d0   0x0000005c   Code   RO          164    .text.HAL_I2C_MspInit  stm32f1xx_hal_msp.o
    0x0800172c   0x0800172c   0x0000000c   Code   RO          345    .text.HAL_IncTick   stm32f1xx_hal.o
    0x08001738   0x08001738   0x00000024   Code   RO          335    .text.HAL_Init      stm32f1xx_hal.o
    0x0800175c   0x0800175c   0x0000003c   Code   RO          337    .text.HAL_InitTick  stm32f1xx_hal.o
    0x08001798   0x08001798   0x00000040   Code   RO          162    .text.HAL_MspInit   stm32f1xx_hal_msp.o
    0x080017d8   0x080017d8   0x0000001c   Code   RO          523    .text.HAL_NVIC_EnableIRQ  stm32f1xx_hal_cortex.o
    0x080017f4   0x080017f4   0x00000044   Code   RO          519    .text.HAL_NVIC_SetPriority  stm32f1xx_hal_cortex.o
    0x08001838   0x08001838   0x00000020   Code   RO          517    .text.HAL_NVIC_SetPriorityGrouping  stm32f1xx_hal_cortex.o
    0x08001858   0x08001858   0x00000134   Code   RO          401    .text.HAL_RCC_ClockConfig  stm32f1xx_hal_rcc.o
    0x0800198c   0x0800198c   0x00000014   Code   RO          413    .text.HAL_RCC_GetPCLK1Freq  stm32f1xx_hal_rcc.o
    0x080019a0   0x080019a0   0x0000001c   Code   RO          415    .text.HAL_RCC_GetPCLK2Freq  stm32f1xx_hal_rcc.o
    0x080019bc   0x080019bc   0x00000058   Code   RO          403    .text.HAL_RCC_GetSysClockFreq  stm32f1xx_hal_rcc.o
    0x08001a14   0x08001a14   0x00000374   Code   RO          399    .text.HAL_RCC_OscConfig  stm32f1xx_hal_rcc.o
    0x08001d88   0x08001d88   0x00000028   Code   RO          531    .text.HAL_SYSTICK_Config  stm32f1xx_hal_cortex.o
    0x08001db0   0x08001db0   0x0000005c   Code   RO          707    .text.HAL_UART_Init  stm32f1xx_hal_uart.o
    0x08001e0c   0x08001e0c   0x00000074   Code   RO          168    .text.HAL_UART_MspInit  stm32f1xx_hal_msp.o
    0x08001e80   0x08001e80   0x00000002   Code   RO          136    .text.HardFault_Handler  stm32f1xx_it.o
    0x08001e82   0x08001e82   0x00000002   PAD
    0x08001e84   0x08001e84   0x00000030   Code   RO          322    .text.I2C_IsAcknowledgeFailed  stm32f1xx_hal_i2c.o
    0x08001eb4   0x08001eb4   0x00000108   Code   RO          250    .text.I2C_RequestMemoryRead  stm32f1xx_hal_i2c.o
    0x08001fbc   0x08001fbc   0x000000bc   Code   RO          246    .text.I2C_RequestMemoryWrite  stm32f1xx_hal_i2c.o
    0x08002078   0x08002078   0x00000050   Code   RO          214    .text.I2C_WaitOnBTFFlagUntilTimeout  stm32f1xx_hal_i2c.o
    0x080020c8   0x080020c8   0x00000078   Code   RO          210    .text.I2C_WaitOnFlagUntilTimeout  stm32f1xx_hal_i2c.o
    0x08002140   0x08002140   0x000000ac   Code   RO          320    .text.I2C_WaitOnMasterAddressFlagUntilTimeout  stm32f1xx_hal_i2c.o
    0x080021ec   0x080021ec   0x00000062   Code   RO          218    .text.I2C_WaitOnRXNEFlagUntilTimeout  stm32f1xx_hal_i2c.o
    0x0800224e   0x0800224e   0x00000050   Code   RO          212    .text.I2C_WaitOnTXEFlagUntilTimeout  stm32f1xx_hal_i2c.o
    0x0800229e   0x0800229e   0x00000002   PAD
    0x080022a0   0x080022a0   0x00000094   Code   RO          100    .text.MPU6050_Init  main.o
    0x08002334   0x08002334   0x00000098   Code   RO          102    .text.MPU6050_Read_Accel  main.o
    0x080023cc   0x080023cc   0x0000007c   Code   RO          104    .text.MPU6050_Read_Gyro  main.o
    0x08002448   0x08002448   0x00000002   Code   RO          138    .text.MemManage_Handler  stm32f1xx_it.o
    0x0800244a   0x0800244a   0x00000002   Code   RO          134    .text.NMI_Handler   stm32f1xx_it.o
    0x0800244c   0x0800244c   0x00000002   Code   RO          148    .text.PendSV_Handler  stm32f1xx_it.o
    0x0800244e   0x0800244e   0x00000002   PAD
    0x08002450   0x08002450   0x00000014   Code   RO           78    .text.SSD1306_Clear  ssd1306.o
    0x08002464   0x08002464   0x00000054   Code   RO           46    .text.SSD1306_DrawPixel  ssd1306.o
    0x080024b8   0x080024b8   0x00000008   Code   RO           58    .text.SSD1306_GotoXY  ssd1306.o
    0x080024c0   0x080024c0   0x0000011c   Code   RO           48    .text.SSD1306_Init  ssd1306.o
    0x080025dc   0x080025dc   0x00000094   Code   RO           60    .text.SSD1306_Putc  ssd1306.o
    0x08002670   0x08002670   0x00000028   Code   RO           62    .text.SSD1306_Puts  ssd1306.o
    0x08002698   0x08002698   0x00000044   Code   RO           52    .text.SSD1306_UpdateScreen  ssd1306.o
    0x080026dc   0x080026dc   0x00000002   Code   RO          144    .text.SVC_Handler   stm32f1xx_it.o
    0x080026de   0x080026de   0x00000004   Code   RO          150    .text.SysTick_Handler  stm32f1xx_it.o
    0x080026e2   0x080026e2   0x00000066   Code   RO          114    .text.SystemClock_Config  main.o
    0x08002748   0x08002748   0x00000002   Code   RO          834    .text.SystemInit    system_stm32f1xx.o
    0x0800274a   0x0800274a   0x00000002   PAD
    0x0800274c   0x0800274c   0x00000084   Code   RO          711    .text.UART_SetConfig  stm32f1xx_hal_uart.o
    0x080027d0   0x080027d0   0x00000002   Code   RO          142    .text.UsageFault_Handler  stm32f1xx_it.o
    0x080027d2   0x080027d2   0x00000002   PAD
    0x080027d4   0x080027d4   0x00000024   Code   RO          521    .text.__NVIC_SetPriority  stm32f1xx_hal_cortex.o
    0x080027f8   0x080027f8   0x000003bc   Code   RO          112    .text.main          main.o
    0x08002bb4   0x08002bb4   0x00000020   Code   RO           32    .text.ssd1306_I2C_Write  ssd1306.o
    0x08002bd4   0x08002bd4   0x0000003c   Code   RO           54    .text.ssd1306_I2C_WriteMulti  ssd1306.o
    0x08002c10   0x08002c10   0x0000003e   Code   RO          995    CL$$btod_d2e        c_w.l(btod.o)
    0x08002c4e   0x08002c4e   0x00000046   Code   RO          997    CL$$btod_d2e_denorm_low  c_w.l(btod.o)
    0x08002c94   0x08002c94   0x00000060   Code   RO          996    CL$$btod_d2e_norm_op1  c_w.l(btod.o)
    0x08002cf4   0x08002cf4   0x00000338   Code   RO         1005    CL$$btod_div_common  c_w.l(btod.o)
    0x0800302c   0x0800302c   0x000000dc   Code   RO         1002    CL$$btod_e2e        c_w.l(btod.o)
    0x08003108   0x08003108   0x0000002a   Code   RO          999    CL$$btod_ediv       c_w.l(btod.o)
    0x08003132   0x08003132   0x0000002a   Code   RO          998    CL$$btod_emul       c_w.l(btod.o)
    0x0800315c   0x0800315c   0x00000244   Code   RO         1004    CL$$btod_mult_common  c_w.l(btod.o)
    0x080033a0   0x080033a0   0x00000028   Code   RO         1026    i.__ARM_fpclassify  m_ws.l(fpclassify.o)
    0x080033c8   0x080033c8   0x0000000e   Code   RO          871    i._is_digit         c_w.l(__printf_wp.o)
    0x080033d6   0x080033d6   0x0000002c   Code   RO          923    i.sqrtf             m_ws.l(sqrtf.o)
    0x08003402   0x08003402   0x00000002   PAD
    0x08003404   0x08003404   0x0000002c   Code   RO         1020    locale$$code        c_w.l(lc_numeric_c.o)
    0x08003430   0x08003430   0x00000062   Code   RO          894    x$fpl$d2f           fz_ws.l(d2f.o)
    0x08003492   0x08003492   0x00000002   PAD
    0x08003494   0x08003494   0x000002b0   Code   RO          897    x$fpl$ddiv          fz_ws.l(ddiv.o)
    0x08003744   0x08003744   0x0000002e   Code   RO          901    x$fpl$dflt          fz_ws.l(dflt_clz.o)
    0x08003772   0x08003772   0x00000002   PAD
    0x08003774   0x08003774   0x00000154   Code   RO          906    x$fpl$dmul          fz_ws.l(dmul.o)
    0x080038c8   0x080038c8   0x0000009c   Code   RO          944    x$fpl$dnaninf       fz_ws.l(dnaninf.o)
    0x08003964   0x08003964   0x0000000c   Code   RO          946    x$fpl$dretinf       fz_ws.l(dretinf.o)
    0x08003970   0x08003970   0x00000056   Code   RO          908    x$fpl$f2d           fz_ws.l(f2d.o)
    0x080039c6   0x080039c6   0x00000002   PAD
    0x080039c8   0x080039c8   0x000000c4   Code   RO          910    x$fpl$fadd          fz_ws.l(faddsub_clz.o)
    0x08003a8c   0x08003a8c   0x00000054   Code   RO          916    x$fpl$fcmp          fz_ws.l(fcmp.o)
    0x08003ae0   0x08003ae0   0x00000018   Code   RO         1022    x$fpl$fcmpinf       fz_ws.l(fcmpi.o)
    0x08003af8   0x08003af8   0x00000068   Code   RO          948    x$fpl$feqf          fz_ws.l(feqf.o)
    0x08003b60   0x08003b60   0x00000068   Code   RO          950    x$fpl$fgeqf         fz_ws.l(fgeqf.o)
    0x08003bc8   0x08003bc8   0x00000068   Code   RO          952    x$fpl$fleqf         fz_ws.l(fleqf.o)
    0x08003c30   0x08003c30   0x00000102   Code   RO          918    x$fpl$fmul          fz_ws.l(fmul.o)
    0x08003d32   0x08003d32   0x0000008c   Code   RO          954    x$fpl$fnaninf       fz_ws.l(fnaninf.o)
    0x08003dbe   0x08003dbe   0x0000000a   Code   RO          956    x$fpl$fretinf       fz_ws.l(fretinf.o)
    0x08003dc8   0x08003dc8   0x00000110   Code   RO          958    x$fpl$fsqrt         fz_ws.l(fsqrt.o)
    0x08003ed8   0x08003ed8   0x000000ea   Code   RO          912    x$fpl$fsub          fz_ws.l(faddsub_clz.o)
    0x08003fc2   0x08003fc2   0x00000004   Code   RO          920    x$fpl$printf1       fz_ws.l(printf1.o)
    0x08003fc6   0x08003fc6   0x00000000   Code   RO          960    x$fpl$usenofp       fz_ws.l(usenofp.o)
    0x08003fc6   0x08003fc6   0x00000002   PAD
    0x08003fc8   0x08003fc8   0x00000094   Data   RO          993    .constdata          c_w.l(bigflt0.o)
    0x0800405c   0x0800405c   0x00000010   Data   RO          839    .rodata.AHBPrescTable  system_stm32f1xx.o
    0x0800406c   0x0800406c   0x00000008   Data   RO          840    .rodata.APBPrescTable  system_stm32f1xx.o
    0x08004074   0x08004074   0x00000d5c   Data   RO           14    .rodata.Font11x18   fonts.o
    0x08004dd0   0x08004dd0   0x0000076c   Data   RO           13    .rodata.Font7x10    fonts.o
    0x0800553c   0x0800553c   0x00000002   Data   RO          119    .rodata.str1.1      main.o
    0x0800553e   0x0800553e   0x00000002   PAD
    0x08005540   0x08005540   0x00000020   Data   RO         1177    Region$$Table       anon$$obj.o
    0x08005560   0x08005560   0x0000001c   Data   RO         1019    locale$$data        c_w.l(lc_numeric_c.o)


    Execution Region RW_IRAM1 (Exec base: 0x20000000, Load base: 0x08005580, Size: 0x00000b78, Max: 0x00005000, ABSOLUTE)

    Exec Addr    Load Addr    Size         Type   Attr      Idx    E Section Name        Object

    0x20000000   0x08005580   0x00000084   Data   RW          121    .data..L_MergedGlobals  main.o
    0x20000084   0x08005604   0x0000000c   Data   RW          385    .data..L_MergedGlobals  stm32f1xx_hal.o
    0x20000090   0x08005610   0x00000008   Data   RW           17    .data.Font_11x18    fonts.o
    0x20000098   0x08005618   0x00000008   Data   RW           16    .data.Font_7x10     fonts.o
    0x200000a0   0x08005620   0x00000004   Data   RW          838    .data.SystemCoreClock  system_stm32f1xx.o
    0x200000a4   0x08005624   0x0000000c   PAD
    0x200000b0        -       0x00000060   Zero   RW         1029    .bss                c_w.l(libspace.o)
    0x20000110        -       0x00000004   Zero   RW           88    .bss..L_MergedGlobals  ssd1306.o
    0x20000114   0x08005624   0x0000000c   PAD
    0x20000120        -       0x00000054   Zero   RW          122    .bss..L_MergedGlobals.11  main.o
    0x20000174        -       0x00000001   Zero   RW           87    .bss.SSD1306.2      ssd1306.o
    0x20000175   0x08005624   0x00000003   PAD
    0x20000178        -       0x00000400   Zero   RW           86    .bss.SSD1306_Buffer  ssd1306.o
    0x20000578        -       0x00000200   Zero   RW            2    HEAP                startup_stm32f103xb.o
    0x20000778        -       0x00000400   Zero   RW            1    STACK               startup_stm32f103xb.o


==============================================================================

Image component sizes


      Code (inc. data)   RO Data    RW Data    ZI Data      Debug   Object Name

         0          0       5320         16          0       1473   fonts.o
      1578        168          2        132         84      10883   main.o
       744         28          0          0       1029      11424   ssd1306.o
        64         26        236          0       1536        792   startup_stm32f103xb.o
       152         12          0         12          0       6566   stm32f1xx_hal.o
       204         28          0          0          0       8887   stm32f1xx_hal_cortex.o
       476         60          0          0          0       4767   stm32f1xx_hal_gpio.o
      3198         56          0          0          0      38939   stm32f1xx_hal_i2c.o
       272         20          0          0          0       6732   stm32f1xx_hal_msp.o
      1328         72          0          0          0       7680   stm32f1xx_hal_rcc.o
       224          4          0          0          0      20209   stm32f1xx_hal_uart.o
        20          0          0          0          0       1235   stm32f1xx_it.o
         2          0         24          4          0       1726   system_stm32f1xx.o

    ----------------------------------------------------------------------
      8274        474       5616        164       2676     121313   Object Totals
         0          0         32          0          0          0   (incl. Generated)
        12          0          2          0         27          0   (incl. Padding)

    ----------------------------------------------------------------------

      Code (inc. data)   RO Data    RW Data    ZI Data      Debug   Library Member Name

         8          0          0          0          0         68   __main.o
       284          0          0          0          0        156   __printf_wp.o
         0          0          0          0          0          0   __rtentry.o
        12          0          0          0          0          0   __rtentry2.o
         6          0          0          0          0          0   __rtentry4.o
        52          8          0          0          0          0   __scatter.o
        26          0          0          0          0          0   __scatter_copy.o
        28          0          0          0          0          0   __scatter_zi.o
        48          6          0          0          0         96   _printf_char_common.o
         6          0          0          0          0          0   _printf_d.o
       120         16          0          0          0         92   _printf_dec.o
         6          0          0          0          0          0   _printf_f.o
      1052          0          0          0          0        148   _printf_fp_dec.o
       128         16          0          0          0         84   _printf_fp_infnan.o
       178          0          0          0          0         88   _printf_intcommon.o
         0          0          0          0          0          0   _printf_percent.o
         4          0          0          0          0          0   _printf_percent_end.o
        22          0          0          0          0        100   _rserrno.o
        10          0          0          0          0         68   _sputc.o
       228          4        148          0          0         96   bigflt0.o
      1936        128          0          0          0        672   btod.o
        18          0          0          0          0         80   exit.o
         6          0          0          0          0        152   heapauxi.o
         0          0          0          0          0          0   indicate_semi.o
        44         10         28          0          0         76   lc_numeric_c.o
         2          0          0          0          0          0   libinit.o
        18          0          0          0          0          0   libinit2.o
         2          0          0          0          0          0   libshutdown.o
         2          0          0          0          0          0   libshutdown2.o
         8          4          0          0         96         68   libspace.o
       138          0          0          0          0         80   lludiv10.o
        40          6          0          0          0         84   noretval__2sprintf.o
         8          4          0          0          0         68   rt_errno_addr_intlibspace.o
         8          4          0          0          0         68   rt_locale_intlibspace.o
        78          0          0          0          0         80   rt_memclr_w.o
         2          0          0          0          0          0   rtexit.o
        10          0          0          0          0          0   rtexit2.o
       128          0          0          0          0         68   strcmpv7m.o
        12          4          0          0          0         68   sys_exit.o
        74          0          0          0          0         80   sys_stackheap_outer.o
         2          0          0          0          0         68   use_no_semi.o
        98          4          0          0          0         92   d2f.o
       688        140          0          0          0        216   ddiv.o
        46          0          0          0          0         68   dflt_clz.o
       340         12          0          0          0        104   dmul.o
       156          4          0          0          0         92   dnaninf.o
        12          0          0          0          0         68   dretinf.o
        86          4          0          0          0         84   f2d.o
       430          8          0          0          0        168   faddsub_clz.o
        84          0          0          0          0        196   fcmp.o
        24          0          0          0          0         68   fcmpi.o
       104          4          0          0          0         84   feqf.o
       104          4          0          0          0         84   fgeqf.o
       104          4          0          0          0         84   fleqf.o
       258          4          0          0          0         84   fmul.o
       140          4          0          0          0         84   fnaninf.o
        10          0          0          0          0         68   fretinf.o
       272        100          0          0          0         88   fsqrt.o
         4          0          0          0          0         68   printf1.o
         0          0          0          0          0          0   usenofp.o
        40          0          0          0          0         68   fpclassify.o
        44          0          0          0          0         80   sqrtf.o

    ----------------------------------------------------------------------
      7818        502        176          0         96       4656   Library Totals
        20          0          0          0          0          0   (incl. Padding)

    ----------------------------------------------------------------------

      Code (inc. data)   RO Data    RW Data    ZI Data      Debug   Library Name

      4754        210        176          0         96       2708   c_w.l
      2960        292          0          0          0       1800   fz_ws.l
        84          0          0          0          0        148   m_ws.l

    ----------------------------------------------------------------------
      7818        502        176          0         96       4656   Library Totals

    ----------------------------------------------------------------------

==============================================================================


      Code (inc. data)   RO Data    RW Data    ZI Data      Debug   

     16092        976       5792        164       2772     123309   Grand Totals
     16092        976       5792        164       2772     123309   ELF Image Totals
     16092        976       5792        164          0          0   ROM Totals

==============================================================================

    Total RO  Size (Code + RO Data)                21884 (  21.37kB)
    Total RW  Size (RW Data + ZI Data)              2936 (   2.87kB)
    Total ROM Size (Code + RO Data + RW Data)      22048 (  21.53kB)

==============================================================================

